
> svelteblancbeu@0.0.7 build
> vite build

[36mvite v7.3.1 [32mbuilding ssr environment for production...[36m[39m
transforming...
node.exe : 10:27:35 AM [vite-plugin-svelte] src/routes/+page.svelte:93:1 Unused CSS selector ".no-services"
At line:1 char:1
+ & "C:\Program Files\nodejs/node.exe" "C:\Program Files\nodejs/node_mo ...
+ ~~~~~~~~~~~~~~~~~~~~~~~~~~~~~~~~~~~~~~~~~~~~~~~~~~~~~~~~~~~~~~~~~~~~~
    + CategoryInfo          : NotSpecified: (10:27:35 AM [vi... ".no-services":String) [], RemoteException
    + FullyQualifiedErrorId : NativeCommandError
 
https://svelte.dev/e/css_unused_selector
91:   }
92: 
93:   .no-services {
                  ^
94:     grid-column: 1 / -1;
95:     text-align: center;
10:27:41 AM [vite-plugin-svelte] src/routes/(admin)/admin/complete-profile/+page.svelte:228:6 A form label must be associated with a control
https://svelte.dev/e/a11y_label_has_associated_control
226:           <!-- Gender Selection -->
227:           <div class="gender-section">
228:             <label class="section-label">I identify as</label>
                                                                   ^
229:             <div class="gender-grid">
230:               {#each genderOptions as option}
10:27:50 AM [vite-plugin-svelte] src/routes/(admin)/admin/notify/+page.svelte:708:5 A form label must be associated with a control
https://svelte.dev/e/a11y_label_has_associated_control
706:       <div class="notify-input-group">
707:         <div class="notify-label-row">
708:           <label>Image <span style="font-weight: 500; text-transform: none; letter-spacing: 0;">(optional)</span></label>
                                                                                                                              ^
709:           {#if imageFile}
710:             <button class="notify-field-clear" onclick={removeImage} title="Remove image">
10:27:50 AM [vite-plugin-svelte] src/routes/(admin)/admin/notify/+page.svelte:741:5 A form label must be associated with a control
https://svelte.dev/e/a11y_label_has_associated_control
739:       <div class="notify-input-group">
740:         <div class="notify-label-row">
741:           <label>Click URL <span style="font-weight: 500; text-transform: none; letter-spacing: 0;">(optional)</span></label>
                                                                                                                                  ^
742:           {#if notifUrl}
743:             <button class="notify-field-clear" onclick={() => (notifUrl = '')} title="Clear URL">
10:27:50 AM [vite-plugin-svelte] src/routes/(admin)/admin/notify/+page.svelte:1265:1 `<div>` with a click handler must have an ARIA role
https://svelte.dev/e/a11y_no_static_element_interactions
1263: {#if showTemplateEditor}
1264:   <!-- svelte-ignore a11y_click_events_have_key_events a11y_no_static_element_interactions -->
1265:   <div class="tpl-overlay" onclick={closeTemplateEditor}>
              ^
1266:     <!-- svelte-ignore a11y_click_events_have_key_events a11y_no_static_element_interactions -->
1267:     <div class="tpl-editor" onclick={(e) => e.stopPropagation()}>
10:27:50 AM [vite-plugin-svelte] src/routes/(admin)/admin/notify/+page.svelte:1267:2 `<div>` with a click handler must have an ARIA role
https://svelte.dev/e/a11y_no_static_element_interactions
1265:   <div class="tpl-overlay" onclick={closeTemplateEditor}>
1266:     <!-- svelte-ignore a11y_click_events_have_key_events a11y_no_static_element_interactions -->
1267:     <div class="tpl-editor" onclick={(e) => e.stopPropagation()}>
                ^
1268:       <div class="tpl-editor-header">
1269:         <h3>{editingTemplate ? 'Edit Template' : 'New Template'}</h3>
10:27:50 AM [vite-plugin-svelte] src/routes/(admin)/admin/notify/+page.svelte:1298:5 A form label must be associated with a control
https://svelte.dev/e/a11y_label_has_associated_control
1296:         <!-- Color Picker -->
1297:         <div class="notify-input-group">
1298:           <label>Color</label>
                                    ^
1299:           <div class="tpl-color-grid">
1300:             {#each templateColors as c}
10:27:50 AM [vite-plugin-svelte] src/routes/(admin)/admin/notify/+page.svelte:1301:7 Buttons and links should either contain text or have an `aria-label`, 
`aria-labelledby` or `title` attribute
https://svelte.dev/e/a11y_consider_explicit_label
1299:           <div class="tpl-color-grid">
1300:             {#each templateColors as c}
1301:               <button
                           ^
1302:                 class="tpl-color-swatch"
1303:                 class:active={tplColor === c}
10:27:52 AM [vite-plugin-svelte] src/routes/(admin)/admin/services/+page.svelte:198:1 Elements with the 'dialog' interactive role must have a tabindex value
https://svelte.dev/e/a11y_interactive_supports_focus
196: {#if selectedService}
197:   <!-- svelte-ignore a11y_click_events_have_key_events -->
198:   <div class="admin-action-sheet-overlay" onclick={closeSheet} role="dialog">
             ^
199:     <!-- svelte-ignore a11y_click_events_have_key_events -->
200:     <div class="admin-action-sheet" onclick={(e) => e.stopPropagation()} role="document">
10:27:52 AM [vite-plugin-svelte] src/routes/(admin)/admin/services/+page.svelte:200:2 Non-interactive element `<div>` should not be assigned mouse or keyboard event 
listeners
https://svelte.dev/e/a11y_no_noninteractive_element_interactions
198:   <div class="admin-action-sheet-overlay" onclick={closeSheet} role="dialog">
199:     <!-- svelte-ignore a11y_click_events_have_key_events -->
200:     <div class="admin-action-sheet" onclick={(e) => e.stopPropagation()} role="document">
               ^
201:       <div class="admin-action-sheet-header">
202:         <div>
10:27:52 AM [vite-plugin-svelte] src/routes/(admin)/admin/services/add/+page.svelte:533:1 Unused CSS selector ".admin-spinner"
https://svelte.dev/e/css_unused_selector
531:   }
532: 
533:   .admin-spinner {
                     ^
534:     animation: spin 1s linear infinite;
535:   }
10:27:52 AM [vite-plugin-svelte] src/routes/(admin)/admin/services/add/+page.svelte:537:1 Unused CSS selector ".admin-spinner-small"
https://svelte.dev/e/css_unused_selector
535:   }
536: 
537:   .admin-spinner-small {
                           ^
538:     width: 18px;
539:     height: 18px;
10:27:52 AM [vite-plugin-svelte] src/routes/(admin)/admin/services/categories/+page.svelte:186:67 Avoid using autofocus
https://svelte.dev/e/a11y_autofocus
184:           <div class="category-item">
185:             {#if editingId === cat.id}
186:               <input type="text" bind:value={editName} class="edit-input" autoFocus />
                                                                                        ^
187:               <div class="actions">
188:                 <button class="icon-btn save" onclick={() => saveEdit(cat.id)}>
10:27:52 AM [vite-plugin-svelte] src/routes/(admin)/admin/services/categories/+page.svelte:230:1 Unused CSS selector ".spin"
https://svelte.dev/e/css_unused_selector
228:   }
229: 
230:   .spin {
            ^
231:     animation: spin 1s linear infinite;
232:   }
10:27:53 AM [vite-plugin-svelte] src/routes/(admin)/admin/settings/+page.svelte:106:1 Visible, non-interactive elements with a click event must be accompanied by a 
keyboard event handler. Consider whether an interactive element such as `<button type="button">` or `<a>` might be more appropriate
https://svelte.dev/e/a11y_click_events_have_key_events
104: <!-- Settings List -->
105: <div class="admin-settings-list">
106:   <div
            ^
107:     class="admin-settings-item"
108:     role="button"
10:27:53 AM [vite-plugin-svelte] src/routes/(admin)/admin/settings/+page.svelte:119:1 Visible, non-interactive elements with a click event must be accompanied by a 
keyboard event handler. Consider whether an interactive element such as `<button type="button">` or `<a>` might be more appropriate
https://svelte.dev/e/a11y_click_events_have_key_events
117:   </div>
118: 
119:   <div class="admin-settings-item" role="button" tabindex="0" onclick={handleMigration}>
             ^
120:     <div class="admin-settings-item-left">
121:       <Database size={20} color="var(--admin-indigo)" />
10:27:53 AM [vite-plugin-svelte] src/routes/(admin)/admin/settings/+page.svelte:172:4 Buttons and links should either contain text or have an `aria-label`, 
`aria-labelledby` or `title` attribute
https://svelte.dev/e/a11y_consider_explicit_label
170:       <div class="admin-settings-subitem">
171:         <span style="font-size: 15px; font-weight: 500;">­ƒôà New Bookings</span>
172:         <button
                     ^
173:           class="sub-toggle-switch"
174:           class:on={$adminNotificationPrefs.newBookings}
10:27:53 AM [vite-plugin-svelte] src/routes/(admin)/admin/settings/+page.svelte:186:4 Buttons and links should either contain text or have an `aria-label`, 
`aria-labelledby` or `title` attribute
https://svelte.dev/e/a11y_consider_explicit_label
184:       <div class="admin-settings-subitem">
185:         <span style="font-size: 15px; font-weight: 500;">&#x1F6B6; Walk-in Orders</span>
186:         <button
                     ^
187:           class="sub-toggle-switch"
188:           class:on={$adminNotificationPrefs.walkInOrders}
10:27:53 AM [vite-plugin-svelte] src/routes/(admin)/admin/settings/+page.svelte:200:4 Buttons and links should either contain text or have an `aria-label`, 
`aria-labelledby` or `title` attribute
https://svelte.dev/e/a11y_consider_explicit_label
198:       <div class="admin-settings-subitem">
199:         <span style="font-size: 15px; font-weight: 500;">­ƒöä Status Changes</span>
200:         <button
                     ^
201:           class="sub-toggle-switch"
202:           class:on={$adminNotificationPrefs.statusChanges}
10:27:53 AM [vite-plugin-svelte] src/routes/(admin)/admin/settings/+page.svelte:214:4 Buttons and links should either contain text or have an `aria-label`, 
`aria-labelledby` or `title` attribute
https://svelte.dev/e/a11y_consider_explicit_label
212:       <div class="admin-settings-subitem">
213:         <span style="font-size: 15px; font-weight: 500;">Ô£à Completed</span>
214:         <button
                     ^
215:           class="sub-toggle-switch"
216:           class:on={$adminNotificationPrefs.completedBookings}
10:27:53 AM [vite-plugin-svelte] src/routes/(admin)/admin/settings/+page.svelte:228:4 Buttons and links should either contain text or have an `aria-label`, 
`aria-labelledby` or `title` attribute
https://svelte.dev/e/a11y_consider_explicit_label
226:       <div class="admin-settings-subitem">
227:         <span style="font-size: 15px; font-weight: 500;">ÔØî Cancelled</span>
228:         <button
                     ^
229:           class="sub-toggle-switch"
230:           class:on={$adminNotificationPrefs.cancelledBookings}
10:27:53 AM [vite-plugin-svelte] src/routes/(admin)/admin/settings/+page.svelte:242:4 Buttons and links should either contain text or have an `aria-label`, 
`aria-labelledby` or `title` attribute
https://svelte.dev/e/a11y_consider_explicit_label
240:       <div class="admin-settings-subitem">
241:         <span style="font-size: 15px; font-weight: 500;">&#x1F4B0; Payments</span>
242:         <button
                     ^
243:           class="sub-toggle-switch"
244:           class:on={$adminNotificationPrefs.paymentReceived}
10:27:53 AM [vite-plugin-svelte] src/routes/(admin)/admin/settings/+page.svelte:262:4 Buttons and links should either contain text or have an `aria-label`, 
`aria-labelledby` or `title` attribute
https://svelte.dev/e/a11y_consider_explicit_label
260:       <div class="admin-settings-subitem">
261:         <span style="font-size: 15px; font-weight: 500;">­ƒæñ New User Signups</span>
262:         <button
                     ^
263:           class="sub-toggle-switch"
264:           class:on={$adminNotificationPrefs.newUsers}
10:27:53 AM [vite-plugin-svelte] src/routes/(admin)/admin/settings/+page.svelte:305:1 Visible, non-interactive elements with a click event must be accompanied by a 
keyboard event handler. Consider whether an interactive element such as `<button type="button">` or `<a>` might be more appropriate
https://svelte.dev/e/a11y_click_events_have_key_events
303:   </div>
304: 
305:   <div class="admin-settings-item" role="button" tabindex="0" onclick={handleLogout}>
             ^
306:     <div class="admin-settings-item-left">
307:       <LogOut size={20} color="var(--admin-red)" />
10:27:54 AM [vite-plugin-svelte] src/routes/(admin)/admin/staff/+page.svelte:496:8 A form label must be associated with a control
https://svelte.dev/e/a11y_label_has_associated_control
494:             <div class="staff-edit-fields">
495:               <div class="staff-edit-field">
496:                 <label>Specialty</label>
                                             ^
497:                 <input type="text" bind:value={editSpecialty} placeholder="e.g. Hair Stylist, Nail Artist" />
498:               </div>
10:27:54 AM [vite-plugin-svelte] src/routes/(admin)/admin/staff/+page.svelte:500:8 A form label must be associated with a control
https://svelte.dev/e/a11y_label_has_associated_control
498:               </div>
499:               <div class="staff-edit-field">
500:                 <label>Commission Rate (%)</label>
                                                       ^
501:                 <input type="number" bind:value={editCommission} placeholder="e.g. 30" min="0" max="100" />
502:               </div>
10:27:54 AM [vite-plugin-svelte] src/routes/(admin)/admin/staff/+page.svelte:548:5 A form label must be associated with a control
https://svelte.dev/e/a11y_label_has_associated_control
546:       <div class="staff-add-form">
547:         <div class="staff-form-group">
548:           <label>Search Users</label>
                                          ^
549:           <div style="position: relative;">
550:             <Search size={16} class="admin-search-icon" />
10:27:54 AM [vite-plugin-svelte] src/routes/(admin)/admin/staff/+page.svelte:634:5 A form label must be associated with a control
https://svelte.dev/e/a11y_label_has_associated_control
632:       <div class="staff-add-form">
633:         <div class="staff-form-group">
634:           <label>Full Name <span class="required">*</span></label>
                                                                       ^
635:           <input type="text" bind:value={newStaffName} placeholder="Enter full name" />
636:         </div>
10:27:54 AM [vite-plugin-svelte] src/routes/(admin)/admin/staff/+page.svelte:638:5 A form label must be associated with a control
https://svelte.dev/e/a11y_label_has_associated_control
636:         </div>
637:         <div class="staff-form-group">
638:           <label>Email</label>
                                   ^
639:           <input type="email" bind:value={newStaffEmail} placeholder="staff@example.com" />
640:         </div>
10:27:54 AM [vite-plugin-svelte] src/routes/(admin)/admin/staff/+page.svelte:642:5 A form label must be associated with a control
https://svelte.dev/e/a11y_label_has_associated_control
640:         </div>
641:         <div class="staff-form-group">
642:           <label>Phone</label>
                                   ^
643:           <input type="tel" bind:value={newStaffPhone} placeholder="+91 XXXXX XXXXX" />
644:         </div>
10:27:54 AM [vite-plugin-svelte] src/routes/(admin)/admin/staff/+page.svelte:646:5 A form label must be associated with a control
https://svelte.dev/e/a11y_label_has_associated_control
644:         </div>
645:         <div class="staff-form-group">
646:           <label>Specialty</label>
                                       ^
647:           <input type="text" bind:value={newStaffSpecialty} placeholder="e.g. Hair Stylist, Nail Artist" />
648:         </div>
10:27:54 AM [vite-plugin-svelte] src/routes/(admin)/admin/staff/+page.svelte:911:1 Unused CSS selector "[data-theme='clean'] .staff-card.admin-highlight"
https://svelte.dev/e/css_unused_selector
909:   }
910: 
911:   [data-theme='clean'] .staff-card.admin-highlight {
                                                       ^
912:     border-color: rgba(0, 122, 255, 0.2);
913:   }
10:27:59 AM [vite-plugin-svelte] src/routes/booking/+page.svelte:865:2 Visible, non-interactive elements with a click event must be accompanied by a keyboard event 
handler. Consider whether an interactive element such as `<button type="button">` or `<a>` might be more appropriate
https://svelte.dev/e/a11y_click_events_have_key_events
863:   <!-- SUMMARY MODAL -->
864:   {#if showSummaryModal}
865:     <div class="modal-backdrop" transition:fade={{ duration: 200 }} on:click={closeSummaryModal}>
               ^
866:       <div
867:         class="summary-modal glass-panel"
10:27:59 AM [vite-plugin-svelte] src/routes/booking/+page.svelte:865:2 `<div>` with a click handler must have an ARIA role
https://svelte.dev/e/a11y_no_static_element_interactions
863:   <!-- SUMMARY MODAL -->
864:   {#if showSummaryModal}
865:     <div class="modal-backdrop" transition:fade={{ duration: 200 }} on:click={closeSummaryModal}>
               ^
866:       <div
867:         class="summary-modal glass-panel"
10:27:59 AM [vite-plugin-svelte] src/routes/booking/+page.svelte:866:3 Visible, non-interactive elements with a click event must be accompanied by a keyboard event 
handler. Consider whether an interactive element such as `<button type="button">` or `<a>` might be more appropriate
https://svelte.dev/e/a11y_click_events_have_key_events
864:   {#if showSummaryModal}
865:     <div class="modal-backdrop" transition:fade={{ duration: 200 }} on:click={closeSummaryModal}>
866:       <div
                ^
867:         class="summary-modal glass-panel"
868:         transition:scale={{ start: 0.9, duration: 300, easing: cubicOut }}
10:27:59 AM [vite-plugin-svelte] src/routes/booking/+page.svelte:866:3 `<div>` with a click handler must have an ARIA role
https://svelte.dev/e/a11y_no_static_element_interactions
864:   {#if showSummaryModal}
865:     <div class="modal-backdrop" transition:fade={{ duration: 200 }} on:click={closeSummaryModal}>
866:       <div
                ^
867:         class="summary-modal glass-panel"
868:         transition:scale={{ start: 0.9, duration: 300, easing: cubicOut }}
10:27:59 AM [vite-plugin-svelte] src/routes/booking/+page.svelte:1163:2 Visible, non-interactive elements with a click event must be accompanied by a keyboard event 
handler. Consider whether an interactive element such as `<button type="button">` or `<a>` might be more appropriate
https://svelte.dev/e/a11y_click_events_have_key_events
1161:   <!-- DATE PICKER MODAL -->
1162:   {#if showDateModal}
1163:     <div class="modal-backdrop" transition:fade={{ duration: 200 }} on:click={closeDateModal}>
                ^
1164:       <div
1165:         class="custom-picker-modal glass-panel"
10:27:59 AM [vite-plugin-svelte] src/routes/booking/+page.svelte:1163:2 `<div>` with a click handler must have an ARIA role
https://svelte.dev/e/a11y_no_static_element_interactions
1161:   <!-- DATE PICKER MODAL -->
1162:   {#if showDateModal}
1163:     <div class="modal-backdrop" transition:fade={{ duration: 200 }} on:click={closeDateModal}>
                ^
1164:       <div
1165:         class="custom-picker-modal glass-panel"
10:27:59 AM [vite-plugin-svelte] src/routes/booking/+page.svelte:1164:3 Visible, non-interactive elements with a click event must be accompanied by a keyboard event 
handler. Consider whether an interactive element such as `<button type="button">` or `<a>` might be more appropriate
https://svelte.dev/e/a11y_click_events_have_key_events
1162:   {#if showDateModal}
1163:     <div class="modal-backdrop" transition:fade={{ duration: 200 }} on:click={closeDateModal}>
1164:       <div
                 ^
1165:         class="custom-picker-modal glass-panel"
1166:         transition:scale={{ start: 0.9, duration: 300, easing: cubicOut }}
10:27:59 AM [vite-plugin-svelte] src/routes/booking/+page.svelte:1164:3 `<div>` with a click handler must have an ARIA role
https://svelte.dev/e/a11y_no_static_element_interactions
1162:   {#if showDateModal}
1163:     <div class="modal-backdrop" transition:fade={{ duration: 200 }} on:click={closeDateModal}>
1164:       <div
                 ^
1165:         class="custom-picker-modal glass-panel"
1166:         transition:scale={{ start: 0.9, duration: 300, easing: cubicOut }}
10:27:59 AM [vite-plugin-svelte] src/routes/booking/+page.svelte:1221:2 Visible, non-interactive elements with a click event must be accompanied by a keyboard event 
handler. Consider whether an interactive element such as `<button type="button">` or `<a>` might be more appropriate
https://svelte.dev/e/a11y_click_events_have_key_events
1219:   <!-- TIME PICKER MODAL -->
1220:   {#if showTimeModal}
1221:     <div class="modal-backdrop" transition:fade={{ duration: 200 }} on:click={closeTimeModal}>
                ^
1222:       <div
1223:         class="custom-picker-modal glass-panel"
10:27:59 AM [vite-plugin-svelte] src/routes/booking/+page.svelte:1221:2 `<div>` with a click handler must have an ARIA role
https://svelte.dev/e/a11y_no_static_element_interactions
1219:   <!-- TIME PICKER MODAL -->
1220:   {#if showTimeModal}
1221:     <div class="modal-backdrop" transition:fade={{ duration: 200 }} on:click={closeTimeModal}>
                ^
1222:       <div
1223:         class="custom-picker-modal glass-panel"
10:27:59 AM [vite-plugin-svelte] src/routes/booking/+page.svelte:1222:3 Visible, non-interactive elements with a click event must be accompanied by a keyboard event 
handler. Consider whether an interactive element such as `<button type="button">` or `<a>` might be more appropriate
https://svelte.dev/e/a11y_click_events_have_key_events
1220:   {#if showTimeModal}
1221:     <div class="modal-backdrop" transition:fade={{ duration: 200 }} on:click={closeTimeModal}>
1222:       <div
                 ^
1223:         class="custom-picker-modal glass-panel"
1224:         transition:scale={{ start: 0.9, duration: 300, easing: cubicOut }}
10:28:01 AM [vite-plugin-svelte] src/routes/booking/+page.svelte:1222:3 `<div>` with a click handler must have an ARIA role
https://svelte.dev/e/a11y_no_static_element_interactions
1220:   {#if showTimeModal}
1221:     <div class="modal-backdrop" transition:fade={{ duration: 200 }} on:click={closeTimeModal}>
1222:       <div
                 ^
1223:         class="custom-picker-modal glass-panel"
1224:         transition:scale={{ start: 0.9, duration: 300, easing: cubicOut }}
10:28:01 AM [vite-plugin-svelte] src/routes/booking/+page.svelte:1420:1 Unused CSS selector ".premium-input-trigger.disabled"
https://svelte.dev/e/css_unused_selector
1418:     box-shadow: 0 8px 20px rgba(var(--color-shadow-rgb), 0.12);
1419:   }
1420:   .premium-input-trigger.disabled {
                                       ^
1421:     opacity: 0.5;
1422:     cursor: not-allowed;
10:28:01 AM [vite-plugin-svelte] src/routes/booking/+page.svelte:1860:1 Unused CSS selector ".option-desc"
https://svelte.dev/e/css_unused_selector
1858:     font-family: var(--font-heading);
1859:   }
1860:   .option-desc {
                    ^
1861:     font-size: 0.85rem;
1862:     color: var(--color-text-secondary);
10:28:01 AM [vite-plugin-svelte] src/routes/booking/+page.svelte:2094:1 Unused CSS selector ".booking-details-card .detail-value"
https://svelte.dev/e/css_unused_selector
2092:     opacity: 0.5;
2093:   }
2094:   .booking-details-card .detail-value {
                                           ^
2095:     color: var(--color-text-primary);
2096:     opacity: 0.9;
10:28:01 AM [vite-plugin-svelte] src/routes/booking/+page.svelte:2109:1 Unused CSS selector ".detail-value"
https://svelte.dev/e/css_unused_selector
2107:     font-weight: 600;
2108:   }
2109:   .detail-value {
                     ^
2110:     font-size: 1rem;
2111:     color: var(--color-text-primary);
10:28:01 AM [vite-plugin-svelte] src/routes/booking/+page.svelte:2114:1 Unused CSS selector ".summary-section h4"
https://svelte.dev/e/css_unused_selector
2112:     font-weight: 500;
2113:   }
2114:   .summary-section h4 {
                           ^
2115:     font-size: 0.9rem;
2116:     text-transform: uppercase;
10:28:01 AM [vite-plugin-svelte] src/routes/booking/+page.svelte:2170:1 Unused CSS selector ".summary-item"
https://svelte.dev/e/css_unused_selector
2168:     gap: 10px;
2169:   }
2170:   .summary-item {
                     ^
2171:     /* Legacy fallback */
2172:     display: flex;
10:28:01 AM [vite-plugin-svelte] src/routes/booking/+page.svelte:2353:1 Unused CSS selector ".payment-methods-wrapper"
https://svelte.dev/e/css_unused_selector
2351: 
2352:   /* PAYMENT METHODS */
2353:   .payment-methods-wrapper {
                                ^
2354:     margin-top: 20px;
2355:     padding-top: 20px;
10:28:01 AM [vite-plugin-svelte] src/routes/booking/+page.svelte:2595:1 Unused CSS selector ".summary-card"
https://svelte.dev/e/css_unused_selector
2593: 
2594:   /* Summary Cards Phase 2 */
2595:   .summary-card {
                     ^
2596:     background: var(--color-surface);
2597:     border: 1px solid var(--color-border);
10:28:01 AM [vite-plugin-svelte] src/routes/booking/+page.svelte:2602:1 Unused CSS selector ".summary-card h4"
https://svelte.dev/e/css_unused_selector
2600:     margin-bottom: 16px;
2601:   }
2602:   .summary-card h4 {
                        ^
2603:     font-size: 0.9rem;
2604:     text-transform: uppercase;
10:28:01 AM [vite-plugin-svelte] src/routes/booking/+page.svelte:2722:1 Unused CSS selector ".payment-card"
https://svelte.dev/e/css_unused_selector
2720: 
2721:   /* Payment Card Specifics */
2722:   .payment-card {
                     ^
2723:     background: rgba(212, 175, 55, 0.05); /* Subtle Gold Tint */
2724:     border: 1px solid rgba(212, 175, 55, 0.2);
10:28:01 AM [vite-plugin-svelte] src/routes/booking/+page.svelte:2727:1 Unused CSS selector ".payment-card h4"
https://svelte.dev/e/css_unused_selector
2725:     box-shadow: 0 4px 20px rgba(0, 0, 0, 0.2);
2726:   }
2727:   .payment-card h4 {
                        ^
2728:     color: var(--color-accent-gold);
2729:     border-color: rgba(212, 175, 55, 0.2);
10:28:14 AM [vite-plugin-svelte] src/routes/booking/+page.svelte:2736:1 Unused CSS selector ".total-card"
https://svelte.dev/e/css_unused_selector
2734: 
2735:   /* Total Card */
2736:   .total-card {
                   ^
2737:     background: transparent;
2738:     border: none;
10:28:15 AM [vite-plugin-svelte] src/routes/complete-profile/+page.svelte:329:6 A form label must be associated with a control
https://svelte.dev/e/a11y_label_has_associated_control
327:           <!-- Gender Selection -->
328:           <div class="gender-section">
329:             <label class="section-label">I identify as</label>
                                                                   ^
330:             <div class="gender-grid">
331:               {#each genderOptions as option}
10:28:24 AM [vite-plugin-svelte] src/routes/staff/bookings/[id]/+page.svelte:493:3 Buttons and links should either contain text or have an `aria-label`, `aria-labelledby` 
or `title` attribute
https://svelte.dev/e/a11y_consider_explicit_label
491:     <!-- HEADER -->
492:     <div class="summary-header">
493:       <button class="back-btn" onclick={() => goto('/staff/dashboard')}>
                    ^
494:         <svg
495:           width="24"
10:28:24 AM [vite-plugin-svelte] src/routes/staff/bookings/[id]/+page.svelte:634:5 A form label must be associated with a control
https://svelte.dev/e/a11y_label_has_associated_control
632:       <div class="fin-grid">
633:         <div class="fin-item">
634:           <label>Coupon Code</label>
                                         ^
635:           <input
636:             type="text"
10:28:24 AM [vite-plugin-svelte] src/routes/staff/bookings/[id]/+page.svelte:645:5 A form label must be associated with a control
https://svelte.dev/e/a11y_label_has_associated_control
643: 
644:         <div class="fin-item">
645:           <label>Extra Discount (Ôé╣)</label>
                                                ^
646:           <input
647:             type="number"
10:28:24 AM [vite-plugin-svelte] src/routes/staff/bookings/[id]/+page.svelte:656:5 A form label must be associated with a control
https://svelte.dev/e/a11y_label_has_associated_control
654: 
655:         <div class="fin-item">
656:           <label>Extra Charges (Ôé╣)</label>
                                               ^
657:           <input
658:             type="number"
10:28:24 AM [vite-plugin-svelte] src/routes/staff/bookings/[id]/+page.svelte:840:5 Buttons and links should either contain text or have an `aria-label`, `aria-labelledby` 
or `title` attribute
https://svelte.dev/e/a11y_consider_explicit_label
838:         <!-- Top bar -->
839:         <div class="qr-fs-topbar">
840:           <button class="qr-fs-back" onclick={() => (showQrModal = false)}>
                        ^
841:             <svg
842:               width="24"
10:28:24 AM [vite-plugin-svelte] src/routes/staff/bookings/[id]/+page.svelte:1016:5 Visible, non-interactive elements with a click event must be accompanied by a keyboard 
event handler. Consider whether an interactive element such as `<button type="button">` or `<a>` might be more appropriate
https://svelte.dev/e/a11y_click_events_have_key_events
1014:         <!-- EDIT MODAL (slide-up) -->
1015:         {#if showEditModal}
1016:           <div class="em-overlay" onclick={() => (showEditModal = false)}>
                      ^
1017:             <div class="em-sheet" onclick={(e) => e.stopPropagation()}>
1018:               <div class="em-handle"></div>
10:28:24 AM [vite-plugin-svelte] src/routes/staff/bookings/[id]/+page.svelte:1016:5 `<div>` with a click handler must have an ARIA role
https://svelte.dev/e/a11y_no_static_element_interactions
1014:         <!-- EDIT MODAL (slide-up) -->
1015:         {#if showEditModal}
1016:           <div class="em-overlay" onclick={() => (showEditModal = false)}>
                      ^
1017:             <div class="em-sheet" onclick={(e) => e.stopPropagation()}>
1018:               <div class="em-handle"></div>
10:28:24 AM [vite-plugin-svelte] src/routes/staff/bookings/[id]/+page.svelte:1017:6 Visible, non-interactive elements with a click event must be accompanied by a keyboard 
event handler. Consider whether an interactive element such as `<button type="button">` or `<a>` might be more appropriate
https://svelte.dev/e/a11y_click_events_have_key_events
1015:         {#if showEditModal}
1016:           <div class="em-overlay" onclick={() => (showEditModal = false)}>
1017:             <div class="em-sheet" onclick={(e) => e.stopPropagation()}>
                        ^
1018:               <div class="em-handle"></div>
1019:               <div class="em-header">
10:28:24 AM [vite-plugin-svelte] src/routes/staff/bookings/[id]/+page.svelte:1017:6 `<div>` with a click handler must have an ARIA role
https://svelte.dev/e/a11y_no_static_element_interactions
1015:         {#if showEditModal}
1016:           <div class="em-overlay" onclick={() => (showEditModal = false)}>
1017:             <div class="em-sheet" onclick={(e) => e.stopPropagation()}>
                        ^
1018:               <div class="em-handle"></div>
1019:               <div class="em-header">
10:28:24 AM [vite-plugin-svelte] src/routes/staff/bookings/[id]/+page.svelte:1134:3 Buttons and links should either contain text or have an `aria-label`, 
`aria-labelledby` or `title` attribute
https://svelte.dev/e/a11y_consider_explicit_label
1132:     <!-- Top bar -->
1133:     <div class="pay-fs-topbar">
1134:       <button class="pay-fs-close" onclick={() => (showPayModal = false)}>
                     ^
1135:         <svg
1136:           width="24"
10:28:24 AM [vite-plugin-svelte] src/routes/staff/bookings/[id]/+page.svelte:1601:1 Unused CSS selector ".readonly-mode .financials .s-input"
https://svelte.dev/e/css_unused_selector
1599:   }
1600: 
1601:   .readonly-mode .financials .s-input {
                                           ^
1602:     background: transparent !important;
1603:     border-color: transparent !important;
10:28:24 AM [vite-plugin-svelte] src/routes/staff/bookings/[id]/+page.svelte:1913:1 Unused CSS selector ".qr-fs-original-amount"
https://svelte.dev/e/css_unused_selector
1911:   }
1912: 
1913:   .qr-fs-original-amount {
                              ^
1914:     font-size: 1.1rem;
1915:     color: var(--s-text-tertiary, #9ca3af);
10:28:25 AM [vite-plugin-svelte] src/routes/staff/complete-profile/+page.svelte:232:6 A form label must be associated with a control
https://svelte.dev/e/a11y_label_has_associated_control
230:           <!-- Gender Selection -->
231:           <div class="gender-section">
232:             <label class="section-label">I identify as</label>
                                                                   ^
233:             <div class="gender-grid">
234:               {#each genderOptions as option}
10:28:27 AM [vite-plugin-svelte] src/routes/staff/notifications/+page.svelte:549:1 Unused CSS selector ".notification-meta"
https://svelte.dev/e/css_unused_selector
547:   }
548: 
549:   .notification-meta {
                         ^
550:     display: flex;
551:     align-items: center;
10:28:28 AM [vite-plugin-svelte] src/routes/staff/profile/+page.svelte:388:3 Visible, non-interactive elements with a click event must be accompanied by a keyboard event 
handler. Consider whether an interactive element such as `<button type="button">` or `<a>` might be more appropriate
https://svelte.dev/e/a11y_click_events_have_key_events
386:   {#if showDeniedModal}
387:     <div class="modal-backdrop" onclick={() => (showDeniedModal = false)} role="button" tabindex="0" onkeydown={(e) => e.key === 'Enter' && (showDeniedModal = 
false)}>
388:       <div class="modal-content s-card" onclick={(e) => e.stopPropagation()} role="dialog" tabindex="-1" aria-modal="true">
                 ^
389:         <div class="modal-header">
390:           <h3>Notifications Blocked</h3>
10:28:28 AM [vite-plugin-svelte] src/routes/staff/profile/+page.svelte:414:3 Visible, non-interactive elements with a click event must be accompanied by a keyboard event 
handler. Consider whether an interactive element such as `<button type="button">` or `<a>` might be more appropriate
https://svelte.dev/e/a11y_click_events_have_key_events
412:   {#if showSoundSelector}
413:     <div class="modal-backdrop" onclick={() => showSoundSelector = false} role="button" tabindex="0" onkeydown={(e) => e.key === 'Enter' && (showSoundSelector = 
false)}>
414:       <div class="modal-content s-card sound-modal" onclick={(e) => e.stopPropagation()} role="dialog" tabindex="-1" aria-modal="true">
                 ^
415:         <div class="modal-header">
416:           <h3>Choose Notification Sound</h3>
10:28:28 AM [vite-plugin-svelte] src/routes/staff/profile/+page.svelte:701:1 Unused CSS selector ".si-icon-success"
https://svelte.dev/e/css_unused_selector
699:   }
700: 
701:   .si-icon-success {
                       ^
702:     color: var(--s-success);
703:     font-weight: bold;
10:28:29 AM [vite-plugin-svelte] src/routes/staff/schedule/+page.svelte:300:3 Buttons and links should either contain text or have an `aria-label`, `aria-labelledby` or 
`title` attribute
https://svelte.dev/e/a11y_consider_explicit_label
298: 
299:     <div class="date-nav">
300:       <button class="nav-arrow" onclick={() => changeDate(-1)}>
                    ^
301:         <svg
302:           width="20"
10:28:29 AM [vite-plugin-svelte] src/routes/staff/schedule/+page.svelte:311:3 Visible, non-interactive elements with a click event must be accompanied by a keyboard event 
handler. Consider whether an interactive element such as `<button type="button">` or `<a>` might be more appropriate
https://svelte.dev/e/a11y_click_events_have_key_events
309:         >
310:       </button>
311:       <div class="date-display" onclick={setToday}>
                 ^
312:         {#if viewMode === 'day'}
313:           <span class="date-main">
10:28:29 AM [vite-plugin-svelte] src/routes/staff/schedule/+page.svelte:311:3 `<div>` with a click handler must have an ARIA role
https://svelte.dev/e/a11y_no_static_element_interactions
309:         >
310:       </button>
311:       <div class="date-display" onclick={setToday}>
                 ^
312:         {#if viewMode === 'day'}
313:           <span class="date-main">
10:28:29 AM [vite-plugin-svelte] src/routes/staff/schedule/+page.svelte:336:3 Buttons and links should either contain text or have an `aria-label`, `aria-labelledby` or 
`title` attribute
https://svelte.dev/e/a11y_consider_explicit_label
334:         {/if}
335:       </div>
336:       <button class="nav-arrow" onclick={() => changeDate(1)}>
                    ^
337:         <svg
338:           width="20"
10:28:31 AM [vite-plugin-svelte] src/routes/you/addresses/+page.svelte:248:3 Visible, non-interactive elements with a click event must be accompanied by a keyboard event 
handler. Consider whether an interactive element such as `<button type="button">` or `<a>` might be more appropriate
https://svelte.dev/e/a11y_click_events_have_key_events
246:       onkeydown={(e) => e.key === 'Escape' && (showAddModal = false)}
247:     >
248:       <div class="modal-content" transition:fly={{ y: 50, duration: 300 }} onclick={(e) => e.stopPropagation()}>
                 ^
249:         <div class="modal-header">
250:           <h2>{isEditing ? 'Edit Address' : 'New Address'}</h2>
10:28:31 AM [vite-plugin-svelte] src/routes/you/addresses/+page.svelte:248:3 `<div>` with a click handler must have an ARIA role
https://svelte.dev/e/a11y_no_static_element_interactions
246:       onkeydown={(e) => e.key === 'Escape' && (showAddModal = false)}
247:     >
248:       <div class="modal-content" transition:fly={{ y: 50, duration: 300 }} onclick={(e) => e.stopPropagation()}>
                 ^
249:         <div class="modal-header">
250:           <h2>{isEditing ? 'Edit Address' : 'New Address'}</h2>
10:28:34 AM [vite-plugin-svelte] src/routes/you/personal-details/+page.svelte:437:1 Unused CSS selector ".label-icon"
https://svelte.dev/e/css_unused_selector
435:   }
436: 
437:   .label-icon {
                  ^
438:     color: var(--color-accent-gold);
439:     opacity: 0.8;
10:28:34 AM [vite-plugin-svelte] src/routes/you/personal-details/+page.svelte:465:1 Unused CSS selector ".helper-text"
https://svelte.dev/e/css_unused_selector
463:   }
464: 
465:   .helper-text {
                   ^
466:     font-size: 0.75rem;
467:     color: var(--color-text-muted);
10:28:41 AM [vite-plugin-svelte] src/lib/components/layout/MobileSimulator.svelte:14:5 `scrollContainer` is updated, but is not declared with `$state(...)`. Changing its 
value will not correctly trigger updates
https://svelte.dev/e/non_reactive_update
12:   let isFullscreen = $state(false);
13:   let isHeightTooSmall = $state(false);
14:   let scrollContainer: HTMLDivElement;
                                         ^
15:   let activeScrollElement: HTMLElement | null = null;
16:   let startY = 0;
10:28:41 AM [vite-plugin-svelte] src/lib/components/layout/MobileSimulator.svelte:494:1 Unused CSS selector ".warning-content"
https://svelte.dev/e/css_unused_selector
492:   }
493: 
494:   .warning-content {
                       ^
495:     text-align: center;
496:     color: rgba(255, 255, 255, 0.8);
10:28:41 AM [vite-plugin-svelte] src/lib/components/layout/MobileSimulator.svelte:500:1 Unused CSS selector ".warning-content svg"
https://svelte.dev/e/css_unused_selector
498:   }
499: 
500:   .warning-content svg {
                           ^
501:     color: #d4af37;
502:     margin-bottom: 20px;
10:28:41 AM [vite-plugin-svelte] src/lib/components/layout/MobileSimulator.svelte:505:1 Unused CSS selector ".warning-content h2"
https://svelte.dev/e/css_unused_selector
503:   }
504: 
505:   .warning-content h2 {
                          ^
506:     font-size: 1.5rem;
507:     margin-bottom: 12px;
10:28:41 AM [vite-plugin-svelte] src/lib/components/layout/MobileSimulator.svelte:511:1 Unused CSS selector ".warning-content p"
https://svelte.dev/e/css_unused_selector
509:   }
510: 
511:   .warning-content p {
                         ^
512:     font-size: 1rem;
513:     color: rgba(255, 255, 255, 0.6);
10:28:42 AM [vite-plugin-svelte] src/lib/components/home/TransformationGallery.svelte:187:3 `<div>` with a mousedown, touchstart, mousemove, touchmove, mouseup, touchend 
or mouseleave handler must have an ARIA role
https://svelte.dev/e/a11y_no_static_element_interactions
185:   <div class="carousel-wrapper">
186:     <div class="carousel-card">
187:       <div
                ^
188:         class="comparison-slider"
189:         bind:this={container}
10:28:42 AM [vite-plugin-svelte] src/lib/components/home/TransformationGallery.svelte:238:4 Buttons and links should either contain text or have an `aria-label`, 
`aria-labelledby` or `title` attribute
https://svelte.dev/e/a11y_consider_explicit_label
236:     <div class="dots">
237:       {#each filteredItems as _, i}
238:         <button class="dot" class:active={i === currentIndex} on:click={() => (currentIndex = i)}
                       ^
239:         ></button>
240:       {/each}
10:28:43 AM [vite-plugin-svelte] src/lib/components/BookingSuccess.svelte:560:1 Unused CSS selector ".booking-id-tag"
https://svelte.dev/e/css_unused_selector
558:     font-weight: 700;
559:   }
560:   .booking-id-tag {
                      ^
561:     font-family: 'Geist Mono', monospace;
562:     font-size: 0.8rem;
10:28:45 AM [vite-plugin-svelte] src/lib/components/staff/BookingModal.svelte:503:1 Visible, non-interactive elements with a click event must be accompanied by a keyboard 
event handler. Consider whether an interactive element such as `<button type="button">` or `<a>` might be more appropriate
https://svelte.dev/e/a11y_click_events_have_key_events
501: 
502: {#if isOpen}
503:   <div class="modal-backdrop" onclick={() => (isOpen = false)}>
             ^
504:     <div class="modal-content" onclick={(e) => e.stopPropagation()}>
505:       <!-- HEADER -->
10:28:45 AM [vite-plugin-svelte] src/lib/components/staff/BookingModal.svelte:503:1 `<div>` with a click handler must have an ARIA role
https://svelte.dev/e/a11y_no_static_element_interactions
501: 
502: {#if isOpen}
503:   <div class="modal-backdrop" onclick={() => (isOpen = false)}>
             ^
504:     <div class="modal-content" onclick={(e) => e.stopPropagation()}>
505:       <!-- HEADER -->
10:28:45 AM [vite-plugin-svelte] src/lib/components/staff/BookingModal.svelte:504:2 Visible, non-interactive elements with a click event must be accompanied by a keyboard 
event handler. Consider whether an interactive element such as `<button type="button">` or `<a>` might be more appropriate
https://svelte.dev/e/a11y_click_events_have_key_events
502: {#if isOpen}
503:   <div class="modal-backdrop" onclick={() => (isOpen = false)}>
504:     <div class="modal-content" onclick={(e) => e.stopPropagation()}>
               ^
505:       <!-- HEADER -->
506:       <div class="modal-header">
10:28:45 AM [vite-plugin-svelte] src/lib/components/staff/BookingModal.svelte:504:2 `<div>` with a click handler must have an ARIA role
https://svelte.dev/e/a11y_no_static_element_interactions
502: {#if isOpen}
503:   <div class="modal-backdrop" onclick={() => (isOpen = false)}>
504:     <div class="modal-content" onclick={(e) => e.stopPropagation()}>
               ^
505:       <!-- HEADER -->
506:       <div class="modal-header">
10:28:45 AM [vite-plugin-svelte] src/lib/components/staff/BookingModal.svelte:707:10 Non-interactive element `<li>` should not be assigned mouse or keyboard event 
listeners
https://svelte.dev/e/a11y_no_noninteractive_element_interactions
705:                 <ul class="autocomplete-dropdown">
706:                   {#each userSearchResults as user}
707:                     <li class="autocomplete-item" onmousedown={() => selectUser(user)}>
                              ^
708:                       <div class="ac-avatar">{user.name?.[0] || user.displayName?.[0] || 'U'}</div>
709:                       <div class="ac-info">
10:28:45 AM [vite-plugin-svelte] src/lib/components/staff/BookingModal.svelte:741:10 Non-interactive element `<li>` should not be assigned mouse or keyboard event 
listeners
https://svelte.dev/e/a11y_no_noninteractive_element_interactions
739:                 <ul class="autocomplete-dropdown">
740:                   {#each userNameSearchResults as user}
741:                     <li class="autocomplete-item" onmousedown={() => selectUser(user)}>
                              ^
742:                       <div class="ac-avatar">{user.name?.[0] || user.displayName?.[0] || 'U'}</div>
743:                       <div class="ac-info">
10:28:45 AM [vite-plugin-svelte] src/lib/components/staff/BookingModal.svelte:989:3 Visible, non-interactive elements with a click event must be accompanied by a keyboard 
event handler. Consider whether an interactive element such as `<button type="button">` or `<a>` might be more appropriate
https://svelte.dev/e/a11y_click_events_have_key_events
987:     {#if isCatalogOpen}
988:       <!-- FULL SCREEN CATALOG MODAL -->
989:       <div class="catalog-fullscreen-overlay" onclick={(e) => e.stopPropagation()}>
                 ^
990:         <div class="catalog-fs-header">
991:           <div class="catalog-fs-title">
10:28:45 AM [vite-plugin-svelte] src/lib/components/staff/BookingModal.svelte:989:3 `<div>` with a click handler must have an ARIA role
https://svelte.dev/e/a11y_no_static_element_interactions
987:     {#if isCatalogOpen}
988:       <!-- FULL SCREEN CATALOG MODAL -->
989:       <div class="catalog-fullscreen-overlay" onclick={(e) => e.stopPropagation()}>
                 ^
990:         <div class="catalog-fs-header">
991:           <div class="catalog-fs-title">
10:28:45 AM [vite-plugin-svelte] src/lib/components/staff/BookingModal.svelte:1620:1 Unused CSS selector "select"
https://svelte.dev/e/css_unused_selector
1618: 
1619:   input,
1620:   select,
              ^
1621:   textarea {
1622:     width: 100%;
10:28:45 AM [vite-plugin-svelte] src/lib/components/staff/BookingModal.svelte:1636:1 Unused CSS selector "select:focus"
https://svelte.dev/e/css_unused_selector
1634: 
1635:   input:focus,
1636:   select:focus,
                    ^
1637:   textarea:focus {
1638:     outline: none;
10:28:45 AM [vite-plugin-svelte] src/lib/components/staff/BookingModal.svelte:1924:1 Unused CSS selector ".custom-dropdown-container.active .dropdown-trigger"
https://svelte.dev/e/css_unused_selector
1922:   }
1923:   .dropdown-trigger:focus,
1924:   .custom-dropdown-container.active .dropdown-trigger {
                                                           ^
1925:     border-color: var(--s-accent, #c9a24f);
1926:     box-shadow: 0 0 0 3px var(--s-accent-bg, rgba(201, 162, 79, 0.1));
10:28:46 AM [vite-plugin-svelte] src/lib/components/you/QuickActions.svelte:141:1 Unused CSS selector ".action-arrow"
https://svelte.dev/e/css_unused_selector
139:   }
140: 
141:   .action-arrow {
                    ^
142:     color: var(--color-text-secondary);
143:     opacity: 0.5;
[33m"Timestamp" is imported from external module "firebase/firestore" but never used in "src/lib/stores/adminRecycleBin.ts" and "src/lib/stores/staffData.ts".[39m
[32mÔ£ô[39m 4009 modules transformed.
rendering chunks...
Failed to initialize Firebase Admin explicitly. Check your FIREBASE_SERVICE_ACCOUNT JSON format. SyntaxError: Bad control character in string literal in JSON at position 
174 (line 1 column 175)
    at JSON.parse (<anonymous>)
    at file:///C:/Users/banar/CascadeProjects/blancbeu-sveltekit/.svelte-kit/output/server/chunks/firebaseAdmin.js:1:457
    at ModuleJob.run (node:internal/modules/esm/module_job:413:25)
    at async onImport.tracePromise.__proto__ (node:internal/modules/esm/loader:654:26)
    at async analyse (file:///C:/Users/banar/CascadeProjects/blancbeu-sveltekit/node_modules/@sveltejs/kit/src/core/postbuild/analyse.js:122:62)
    at async MessagePort.<anonymous> (file:///C:/Users/banar/CascadeProjects/blancbeu-sveltekit/node_modules/@sveltejs/kit/src/utils/fork.js:23:16)
[36mvite v7.3.1 [32mbuilding client environment for production...[36m[39m
transforming...
10:30:42 AM [vite-plugin-svelte] src/routes/+page.svelte:93:1 Unused CSS selector ".no-services"
https://svelte.dev/e/css_unused_selector
91:   }
92: 
93:   .no-services {
                  ^
94:     grid-column: 1 / -1;
95:     text-align: center;
10:30:43 AM [vite-plugin-svelte] src/routes/(admin)/admin/complete-profile/+page.svelte:228:6 A form label must be associated with a control
https://svelte.dev/e/a11y_label_has_associated_control
226:           <!-- Gender Selection -->
227:           <div class="gender-section">
228:             <label class="section-label">I identify as</label>
                                                                   ^
229:             <div class="gender-grid">
230:               {#each genderOptions as option}
10:30:45 AM [vite-plugin-svelte] src/routes/(admin)/admin/notify/+page.svelte:708:5 A form label must be associated with a control
https://svelte.dev/e/a11y_label_has_associated_control
706:       <div class="notify-input-group">
707:         <div class="notify-label-row">
708:           <label>Image <span style="font-weight: 500; text-transform: none; letter-spacing: 0;">(optional)</span></label>
                                                                                                                              ^
709:           {#if imageFile}
710:             <button class="notify-field-clear" onclick={removeImage} title="Remove image">
10:30:45 AM [vite-plugin-svelte] src/routes/(admin)/admin/notify/+page.svelte:741:5 A form label must be associated with a control
https://svelte.dev/e/a11y_label_has_associated_control
739:       <div class="notify-input-group">
740:         <div class="notify-label-row">
741:           <label>Click URL <span style="font-weight: 500; text-transform: none; letter-spacing: 0;">(optional)</span></label>
                                                                                                                                  ^
742:           {#if notifUrl}
743:             <button class="notify-field-clear" onclick={() => (notifUrl = '')} title="Clear URL">
10:30:45 AM [vite-plugin-svelte] src/routes/(admin)/admin/notify/+page.svelte:1265:1 `<div>` with a click handler must have an ARIA role
https://svelte.dev/e/a11y_no_static_element_interactions
1263: {#if showTemplateEditor}
1264:   <!-- svelte-ignore a11y_click_events_have_key_events a11y_no_static_element_interactions -->
1265:   <div class="tpl-overlay" onclick={closeTemplateEditor}>
              ^
1266:     <!-- svelte-ignore a11y_click_events_have_key_events a11y_no_static_element_interactions -->
1267:     <div class="tpl-editor" onclick={(e) => e.stopPropagation()}>
10:30:45 AM [vite-plugin-svelte] src/routes/(admin)/admin/notify/+page.svelte:1267:2 `<div>` with a click handler must have an ARIA role
https://svelte.dev/e/a11y_no_static_element_interactions
1265:   <div class="tpl-overlay" onclick={closeTemplateEditor}>
1266:     <!-- svelte-ignore a11y_click_events_have_key_events a11y_no_static_element_interactions -->
1267:     <div class="tpl-editor" onclick={(e) => e.stopPropagation()}>
                ^
1268:       <div class="tpl-editor-header">
1269:         <h3>{editingTemplate ? 'Edit Template' : 'New Template'}</h3>
10:30:45 AM [vite-plugin-svelte] src/routes/(admin)/admin/notify/+page.svelte:1298:5 A form label must be associated with a control
https://svelte.dev/e/a11y_label_has_associated_control
1296:         <!-- Color Picker -->
1297:         <div class="notify-input-group">
1298:           <label>Color</label>
                                    ^
1299:           <div class="tpl-color-grid">
1300:             {#each templateColors as c}
10:30:45 AM [vite-plugin-svelte] src/routes/(admin)/admin/notify/+page.svelte:1301:7 Buttons and links should either contain text or have an `aria-label`, 
`aria-labelledby` or `title` attribute
https://svelte.dev/e/a11y_consider_explicit_label
1299:           <div class="tpl-color-grid">
1300:             {#each templateColors as c}
1301:               <button
                           ^
1302:                 class="tpl-color-swatch"
1303:                 class:active={tplColor === c}
10:30:45 AM [vite-plugin-svelte] src/routes/(admin)/admin/services/+page.svelte:198:1 Elements with the 'dialog' interactive role must have a tabindex value
https://svelte.dev/e/a11y_interactive_supports_focus
196: {#if selectedService}
197:   <!-- svelte-ignore a11y_click_events_have_key_events -->
198:   <div class="admin-action-sheet-overlay" onclick={closeSheet} role="dialog">
             ^
199:     <!-- svelte-ignore a11y_click_events_have_key_events -->
200:     <div class="admin-action-sheet" onclick={(e) => e.stopPropagation()} role="document">
10:30:45 AM [vite-plugin-svelte] src/routes/(admin)/admin/services/+page.svelte:200:2 Non-interactive element `<div>` should not be assigned mouse or keyboard event 
listeners
https://svelte.dev/e/a11y_no_noninteractive_element_interactions
198:   <div class="admin-action-sheet-overlay" onclick={closeSheet} role="dialog">
199:     <!-- svelte-ignore a11y_click_events_have_key_events -->
200:     <div class="admin-action-sheet" onclick={(e) => e.stopPropagation()} role="document">
               ^
201:       <div class="admin-action-sheet-header">
202:         <div>
10:30:46 AM [vite-plugin-svelte] src/routes/(admin)/admin/services/add/+page.svelte:533:1 Unused CSS selector ".admin-spinner"
https://svelte.dev/e/css_unused_selector
531:   }
532: 
533:   .admin-spinner {
                     ^
534:     animation: spin 1s linear infinite;
535:   }
10:30:46 AM [vite-plugin-svelte] src/routes/(admin)/admin/services/add/+page.svelte:537:1 Unused CSS selector ".admin-spinner-small"
https://svelte.dev/e/css_unused_selector
535:   }
536: 
537:   .admin-spinner-small {
                           ^
538:     width: 18px;
539:     height: 18px;
10:30:46 AM [vite-plugin-svelte] src/routes/(admin)/admin/services/categories/+page.svelte:186:67 Avoid using autofocus
https://svelte.dev/e/a11y_autofocus
184:           <div class="category-item">
185:             {#if editingId === cat.id}
186:               <input type="text" bind:value={editName} class="edit-input" autoFocus />
                                                                                        ^
187:               <div class="actions">
188:                 <button class="icon-btn save" onclick={() => saveEdit(cat.id)}>
10:30:46 AM [vite-plugin-svelte] src/routes/(admin)/admin/services/categories/+page.svelte:230:1 Unused CSS selector ".spin"
https://svelte.dev/e/css_unused_selector
228:   }
229: 
230:   .spin {
            ^
231:     animation: spin 1s linear infinite;
232:   }
10:30:46 AM [vite-plugin-svelte] src/routes/(admin)/admin/settings/+page.svelte:106:1 Visible, non-interactive elements with a click event must be accompanied by a 
keyboard event handler. Consider whether an interactive element such as `<button type="button">` or `<a>` might be more appropriate
https://svelte.dev/e/a11y_click_events_have_key_events
104: <!-- Settings List -->
105: <div class="admin-settings-list">
106:   <div
            ^
107:     class="admin-settings-item"
108:     role="button"
10:30:46 AM [vite-plugin-svelte] src/routes/(admin)/admin/settings/+page.svelte:119:1 Visible, non-interactive elements with a click event must be accompanied by a 
keyboard event handler. Consider whether an interactive element such as `<button type="button">` or `<a>` might be more appropriate
https://svelte.dev/e/a11y_click_events_have_key_events
117:   </div>
118: 
119:   <div class="admin-settings-item" role="button" tabindex="0" onclick={handleMigration}>
             ^
120:     <div class="admin-settings-item-left">
121:       <Database size={20} color="var(--admin-indigo)" />
10:30:46 AM [vite-plugin-svelte] src/routes/(admin)/admin/settings/+page.svelte:172:4 Buttons and links should either contain text or have an `aria-label`, 
`aria-labelledby` or `title` attribute
https://svelte.dev/e/a11y_consider_explicit_label
170:       <div class="admin-settings-subitem">
171:         <span style="font-size: 15px; font-weight: 500;">­ƒôà New Bookings</span>
172:         <button
                     ^
173:           class="sub-toggle-switch"
174:           class:on={$adminNotificationPrefs.newBookings}
10:30:46 AM [vite-plugin-svelte] src/routes/(admin)/admin/settings/+page.svelte:186:4 Buttons and links should either contain text or have an `aria-label`, 
`aria-labelledby` or `title` attribute
https://svelte.dev/e/a11y_consider_explicit_label
184:       <div class="admin-settings-subitem">
185:         <span style="font-size: 15px; font-weight: 500;">&#x1F6B6; Walk-in Orders</span>
186:         <button
                     ^
187:           class="sub-toggle-switch"
188:           class:on={$adminNotificationPrefs.walkInOrders}
10:30:46 AM [vite-plugin-svelte] src/routes/(admin)/admin/settings/+page.svelte:200:4 Buttons and links should either contain text or have an `aria-label`, 
`aria-labelledby` or `title` attribute
https://svelte.dev/e/a11y_consider_explicit_label
198:       <div class="admin-settings-subitem">
199:         <span style="font-size: 15px; font-weight: 500;">­ƒöä Status Changes</span>
200:         <button
                     ^
201:           class="sub-toggle-switch"
202:           class:on={$adminNotificationPrefs.statusChanges}
10:30:46 AM [vite-plugin-svelte] src/routes/(admin)/admin/settings/+page.svelte:214:4 Buttons and links should either contain text or have an `aria-label`, 
`aria-labelledby` or `title` attribute
https://svelte.dev/e/a11y_consider_explicit_label
212:       <div class="admin-settings-subitem">
213:         <span style="font-size: 15px; font-weight: 500;">Ô£à Completed</span>
214:         <button
                     ^
215:           class="sub-toggle-switch"
216:           class:on={$adminNotificationPrefs.completedBookings}
10:30:46 AM [vite-plugin-svelte] src/routes/(admin)/admin/settings/+page.svelte:228:4 Buttons and links should either contain text or have an `aria-label`, 
`aria-labelledby` or `title` attribute
https://svelte.dev/e/a11y_consider_explicit_label
226:       <div class="admin-settings-subitem">
227:         <span style="font-size: 15px; font-weight: 500;">ÔØî Cancelled</span>
228:         <button
                     ^
229:           class="sub-toggle-switch"
230:           class:on={$adminNotificationPrefs.cancelledBookings}
10:30:46 AM [vite-plugin-svelte] src/routes/(admin)/admin/settings/+page.svelte:242:4 Buttons and links should either contain text or have an `aria-label`, 
`aria-labelledby` or `title` attribute
https://svelte.dev/e/a11y_consider_explicit_label
240:       <div class="admin-settings-subitem">
241:         <span style="font-size: 15px; font-weight: 500;">&#x1F4B0; Payments</span>
242:         <button
                     ^
243:           class="sub-toggle-switch"
244:           class:on={$adminNotificationPrefs.paymentReceived}
10:30:46 AM [vite-plugin-svelte] src/routes/(admin)/admin/settings/+page.svelte:262:4 Buttons and links should either contain text or have an `aria-label`, 
`aria-labelledby` or `title` attribute
https://svelte.dev/e/a11y_consider_explicit_label
260:       <div class="admin-settings-subitem">
261:         <span style="font-size: 15px; font-weight: 500;">­ƒæñ New User Signups</span>
262:         <button
                     ^
263:           class="sub-toggle-switch"
264:           class:on={$adminNotificationPrefs.newUsers}
10:30:46 AM [vite-plugin-svelte] src/routes/(admin)/admin/settings/+page.svelte:305:1 Visible, non-interactive elements with a click event must be accompanied by a 
keyboard event handler. Consider whether an interactive element such as `<button type="button">` or `<a>` might be more appropriate
https://svelte.dev/e/a11y_click_events_have_key_events
303:   </div>
304: 
305:   <div class="admin-settings-item" role="button" tabindex="0" onclick={handleLogout}>
             ^
306:     <div class="admin-settings-item-left">
307:       <LogOut size={20} color="var(--admin-red)" />
10:30:46 AM [vite-plugin-svelte] src/routes/(admin)/admin/staff/+page.svelte:496:8 A form label must be associated with a control
https://svelte.dev/e/a11y_label_has_associated_control
494:             <div class="staff-edit-fields">
495:               <div class="staff-edit-field">
496:                 <label>Specialty</label>
                                             ^
497:                 <input type="text" bind:value={editSpecialty} placeholder="e.g. Hair Stylist, Nail Artist" />
498:               </div>
10:30:46 AM [vite-plugin-svelte] src/routes/(admin)/admin/staff/+page.svelte:500:8 A form label must be associated with a control
https://svelte.dev/e/a11y_label_has_associated_control
498:               </div>
499:               <div class="staff-edit-field">
500:                 <label>Commission Rate (%)</label>
                                                       ^
501:                 <input type="number" bind:value={editCommission} placeholder="e.g. 30" min="0" max="100" />
502:               </div>
10:30:46 AM [vite-plugin-svelte] src/routes/(admin)/admin/staff/+page.svelte:548:5 A form label must be associated with a control
https://svelte.dev/e/a11y_label_has_associated_control
546:       <div class="staff-add-form">
547:         <div class="staff-form-group">
548:           <label>Search Users</label>
                                          ^
549:           <div style="position: relative;">
550:             <Search size={16} class="admin-search-icon" />
10:30:46 AM [vite-plugin-svelte] src/routes/(admin)/admin/staff/+page.svelte:634:5 A form label must be associated with a control
https://svelte.dev/e/a11y_label_has_associated_control
632:       <div class="staff-add-form">
633:         <div class="staff-form-group">
634:           <label>Full Name <span class="required">*</span></label>
                                                                       ^
635:           <input type="text" bind:value={newStaffName} placeholder="Enter full name" />
636:         </div>
10:30:46 AM [vite-plugin-svelte] src/routes/(admin)/admin/staff/+page.svelte:638:5 A form label must be associated with a control
https://svelte.dev/e/a11y_label_has_associated_control
636:         </div>
637:         <div class="staff-form-group">
638:           <label>Email</label>
                                   ^
639:           <input type="email" bind:value={newStaffEmail} placeholder="staff@example.com" />
640:         </div>
10:30:46 AM [vite-plugin-svelte] src/routes/(admin)/admin/staff/+page.svelte:642:5 A form label must be associated with a control
https://svelte.dev/e/a11y_label_has_associated_control
640:         </div>
641:         <div class="staff-form-group">
642:           <label>Phone</label>
                                   ^
643:           <input type="tel" bind:value={newStaffPhone} placeholder="+91 XXXXX XXXXX" />
644:         </div>
10:30:46 AM [vite-plugin-svelte] src/routes/(admin)/admin/staff/+page.svelte:646:5 A form label must be associated with a control
https://svelte.dev/e/a11y_label_has_associated_control
644:         </div>
645:         <div class="staff-form-group">
646:           <label>Specialty</label>
                                       ^
647:           <input type="text" bind:value={newStaffSpecialty} placeholder="e.g. Hair Stylist, Nail Artist" />
648:         </div>
10:30:46 AM [vite-plugin-svelte] src/routes/(admin)/admin/staff/+page.svelte:911:1 Unused CSS selector "[data-theme='clean'] .staff-card.admin-highlight"
https://svelte.dev/e/css_unused_selector
909:   }
910: 
911:   [data-theme='clean'] .staff-card.admin-highlight {
                                                       ^
912:     border-color: rgba(0, 122, 255, 0.2);
913:   }
10:30:49 AM [vite-plugin-svelte] src/routes/booking/+page.svelte:865:2 Visible, non-interactive elements with a click event must be accompanied by a keyboard event 
handler. Consider whether an interactive element such as `<button type="button">` or `<a>` might be more appropriate
https://svelte.dev/e/a11y_click_events_have_key_events
863:   <!-- SUMMARY MODAL -->
864:   {#if showSummaryModal}
865:     <div class="modal-backdrop" transition:fade={{ duration: 200 }} on:click={closeSummaryModal}>
               ^
866:       <div
867:         class="summary-modal glass-panel"
10:30:49 AM [vite-plugin-svelte] src/routes/booking/+page.svelte:865:2 `<div>` with a click handler must have an ARIA role
https://svelte.dev/e/a11y_no_static_element_interactions
863:   <!-- SUMMARY MODAL -->
864:   {#if showSummaryModal}
865:     <div class="modal-backdrop" transition:fade={{ duration: 200 }} on:click={closeSummaryModal}>
               ^
866:       <div
867:         class="summary-modal glass-panel"
10:30:49 AM [vite-plugin-svelte] src/routes/booking/+page.svelte:866:3 Visible, non-interactive elements with a click event must be accompanied by a keyboard event 
handler. Consider whether an interactive element such as `<button type="button">` or `<a>` might be more appropriate
https://svelte.dev/e/a11y_click_events_have_key_events
864:   {#if showSummaryModal}
865:     <div class="modal-backdrop" transition:fade={{ duration: 200 }} on:click={closeSummaryModal}>
866:       <div
                ^
867:         class="summary-modal glass-panel"
868:         transition:scale={{ start: 0.9, duration: 300, easing: cubicOut }}
10:30:49 AM [vite-plugin-svelte] src/routes/booking/+page.svelte:866:3 `<div>` with a click handler must have an ARIA role
https://svelte.dev/e/a11y_no_static_element_interactions
864:   {#if showSummaryModal}
865:     <div class="modal-backdrop" transition:fade={{ duration: 200 }} on:click={closeSummaryModal}>
866:       <div
                ^
867:         class="summary-modal glass-panel"
868:         transition:scale={{ start: 0.9, duration: 300, easing: cubicOut }}
10:30:49 AM [vite-plugin-svelte] src/routes/booking/+page.svelte:1163:2 Visible, non-interactive elements with a click event must be accompanied by a keyboard event 
handler. Consider whether an interactive element such as `<button type="button">` or `<a>` might be more appropriate
https://svelte.dev/e/a11y_click_events_have_key_events
1161:   <!-- DATE PICKER MODAL -->
1162:   {#if showDateModal}
1163:     <div class="modal-backdrop" transition:fade={{ duration: 200 }} on:click={closeDateModal}>
                ^
1164:       <div
1165:         class="custom-picker-modal glass-panel"
10:30:49 AM [vite-plugin-svelte] src/routes/booking/+page.svelte:1163:2 `<div>` with a click handler must have an ARIA role
https://svelte.dev/e/a11y_no_static_element_interactions
1161:   <!-- DATE PICKER MODAL -->
1162:   {#if showDateModal}
1163:     <div class="modal-backdrop" transition:fade={{ duration: 200 }} on:click={closeDateModal}>
                ^
1164:       <div
1165:         class="custom-picker-modal glass-panel"
10:30:49 AM [vite-plugin-svelte] src/routes/booking/+page.svelte:1164:3 Visible, non-interactive elements with a click event must be accompanied by a keyboard event 
handler. Consider whether an interactive element such as `<button type="button">` or `<a>` might be more appropriate
https://svelte.dev/e/a11y_click_events_have_key_events
1162:   {#if showDateModal}
1163:     <div class="modal-backdrop" transition:fade={{ duration: 200 }} on:click={closeDateModal}>
1164:       <div
                 ^
1165:         class="custom-picker-modal glass-panel"
1166:         transition:scale={{ start: 0.9, duration: 300, easing: cubicOut }}
10:30:49 AM [vite-plugin-svelte] src/routes/booking/+page.svelte:1164:3 `<div>` with a click handler must have an ARIA role
https://svelte.dev/e/a11y_no_static_element_interactions
1162:   {#if showDateModal}
1163:     <div class="modal-backdrop" transition:fade={{ duration: 200 }} on:click={closeDateModal}>
1164:       <div
                 ^
1165:         class="custom-picker-modal glass-panel"
1166:         transition:scale={{ start: 0.9, duration: 300, easing: cubicOut }}
10:30:49 AM [vite-plugin-svelte] src/routes/booking/+page.svelte:1221:2 Visible, non-interactive elements with a click event must be accompanied by a keyboard event 
handler. Consider whether an interactive element such as `<button type="button">` or `<a>` might be more appropriate
https://svelte.dev/e/a11y_click_events_have_key_events
1219:   <!-- TIME PICKER MODAL -->
1220:   {#if showTimeModal}
1221:     <div class="modal-backdrop" transition:fade={{ duration: 200 }} on:click={closeTimeModal}>
                ^
1222:       <div
1223:         class="custom-picker-modal glass-panel"
10:30:49 AM [vite-plugin-svelte] src/routes/booking/+page.svelte:1221:2 `<div>` with a click handler must have an ARIA role
https://svelte.dev/e/a11y_no_static_element_interactions
1219:   <!-- TIME PICKER MODAL -->
1220:   {#if showTimeModal}
1221:     <div class="modal-backdrop" transition:fade={{ duration: 200 }} on:click={closeTimeModal}>
                ^
1222:       <div
1223:         class="custom-picker-modal glass-panel"
10:30:49 AM [vite-plugin-svelte] src/routes/booking/+page.svelte:1222:3 Visible, non-interactive elements with a click event must be accompanied by a keyboard event 
handler. Consider whether an interactive element such as `<button type="button">` or `<a>` might be more appropriate
https://svelte.dev/e/a11y_click_events_have_key_events
1220:   {#if showTimeModal}
1221:     <div class="modal-backdrop" transition:fade={{ duration: 200 }} on:click={closeTimeModal}>
1222:       <div
                 ^
1223:         class="custom-picker-modal glass-panel"
1224:         transition:scale={{ start: 0.9, duration: 300, easing: cubicOut }}
10:30:49 AM [vite-plugin-svelte] src/routes/booking/+page.svelte:1222:3 `<div>` with a click handler must have an ARIA role
https://svelte.dev/e/a11y_no_static_element_interactions
1220:   {#if showTimeModal}
1221:     <div class="modal-backdrop" transition:fade={{ duration: 200 }} on:click={closeTimeModal}>
1222:       <div
                 ^
1223:         class="custom-picker-modal glass-panel"
1224:         transition:scale={{ start: 0.9, duration: 300, easing: cubicOut }}
10:30:49 AM [vite-plugin-svelte] src/routes/booking/+page.svelte:1420:1 Unused CSS selector ".premium-input-trigger.disabled"
https://svelte.dev/e/css_unused_selector
1418:     box-shadow: 0 8px 20px rgba(var(--color-shadow-rgb), 0.12);
1419:   }
1420:   .premium-input-trigger.disabled {
                                       ^
1421:     opacity: 0.5;
1422:     cursor: not-allowed;
10:30:49 AM [vite-plugin-svelte] src/routes/booking/+page.svelte:1860:1 Unused CSS selector ".option-desc"
https://svelte.dev/e/css_unused_selector
1858:     font-family: var(--font-heading);
1859:   }
1860:   .option-desc {
                    ^
1861:     font-size: 0.85rem;
1862:     color: var(--color-text-secondary);
10:30:49 AM [vite-plugin-svelte] src/routes/booking/+page.svelte:2094:1 Unused CSS selector ".booking-details-card .detail-value"
https://svelte.dev/e/css_unused_selector
2092:     opacity: 0.5;
2093:   }
2094:   .booking-details-card .detail-value {
                                           ^
2095:     color: var(--color-text-primary);
2096:     opacity: 0.9;
10:30:49 AM [vite-plugin-svelte] src/routes/booking/+page.svelte:2109:1 Unused CSS selector ".detail-value"
https://svelte.dev/e/css_unused_selector
2107:     font-weight: 600;
2108:   }
2109:   .detail-value {
                     ^
2110:     font-size: 1rem;
2111:     color: var(--color-text-primary);
10:30:49 AM [vite-plugin-svelte] src/routes/booking/+page.svelte:2114:1 Unused CSS selector ".summary-section h4"
https://svelte.dev/e/css_unused_selector
2112:     font-weight: 500;
2113:   }
2114:   .summary-section h4 {
                           ^
2115:     font-size: 0.9rem;
2116:     text-transform: uppercase;
10:30:49 AM [vite-plugin-svelte] src/routes/booking/+page.svelte:2170:1 Unused CSS selector ".summary-item"
https://svelte.dev/e/css_unused_selector
2168:     gap: 10px;
2169:   }
2170:   .summary-item {
                     ^
2171:     /* Legacy fallback */
2172:     display: flex;
10:30:49 AM [vite-plugin-svelte] src/routes/booking/+page.svelte:2353:1 Unused CSS selector ".payment-methods-wrapper"
https://svelte.dev/e/css_unused_selector
2351: 
2352:   /* PAYMENT METHODS */
2353:   .payment-methods-wrapper {
                                ^
2354:     margin-top: 20px;
2355:     padding-top: 20px;
10:30:49 AM [vite-plugin-svelte] src/routes/booking/+page.svelte:2595:1 Unused CSS selector ".summary-card"
https://svelte.dev/e/css_unused_selector
2593: 
2594:   /* Summary Cards Phase 2 */
2595:   .summary-card {
                     ^
2596:     background: var(--color-surface);
2597:     border: 1px solid var(--color-border);
10:30:49 AM [vite-plugin-svelte] src/routes/booking/+page.svelte:2602:1 Unused CSS selector ".summary-card h4"
https://svelte.dev/e/css_unused_selector
2600:     margin-bottom: 16px;
2601:   }
2602:   .summary-card h4 {
                        ^
2603:     font-size: 0.9rem;
2604:     text-transform: uppercase;
10:30:49 AM [vite-plugin-svelte] src/routes/booking/+page.svelte:2722:1 Unused CSS selector ".payment-card"
https://svelte.dev/e/css_unused_selector
2720: 
2721:   /* Payment Card Specifics */
2722:   .payment-card {
                     ^
2723:     background: rgba(212, 175, 55, 0.05); /* Subtle Gold Tint */
2724:     border: 1px solid rgba(212, 175, 55, 0.2);
10:30:49 AM [vite-plugin-svelte] src/routes/booking/+page.svelte:2727:1 Unused CSS selector ".payment-card h4"
https://svelte.dev/e/css_unused_selector
2725:     box-shadow: 0 4px 20px rgba(0, 0, 0, 0.2);
2726:   }
2727:   .payment-card h4 {
                        ^
2728:     color: var(--color-accent-gold);
2729:     border-color: rgba(212, 175, 55, 0.2);
10:30:49 AM [vite-plugin-svelte] src/routes/booking/+page.svelte:2736:1 Unused CSS selector ".total-card"
https://svelte.dev/e/css_unused_selector
2734: 
2735:   /* Total Card */
2736:   .total-card {
                   ^
2737:     background: transparent;
2738:     border: none;
10:30:49 AM [vite-plugin-svelte] src/routes/complete-profile/+page.svelte:329:6 A form label must be associated with a control
https://svelte.dev/e/a11y_label_has_associated_control
327:           <!-- Gender Selection -->
328:           <div class="gender-section">
329:             <label class="section-label">I identify as</label>
                                                                   ^
330:             <div class="gender-grid">
331:               {#each genderOptions as option}
10:30:51 AM [vite-plugin-svelte] src/routes/staff/bookings/[id]/+page.svelte:493:3 Buttons and links should either contain text or have an `aria-label`, `aria-labelledby` 
or `title` attribute
https://svelte.dev/e/a11y_consider_explicit_label
491:     <!-- HEADER -->
492:     <div class="summary-header">
493:       <button class="back-btn" onclick={() => goto('/staff/dashboard')}>
                    ^
494:         <svg
495:           width="24"
10:30:51 AM [vite-plugin-svelte] src/routes/staff/bookings/[id]/+page.svelte:634:5 A form label must be associated with a control
https://svelte.dev/e/a11y_label_has_associated_control
632:       <div class="fin-grid">
633:         <div class="fin-item">
634:           <label>Coupon Code</label>
                                         ^
635:           <input
636:             type="text"
10:30:51 AM [vite-plugin-svelte] src/routes/staff/bookings/[id]/+page.svelte:645:5 A form label must be associated with a control
https://svelte.dev/e/a11y_label_has_associated_control
643: 
644:         <div class="fin-item">
645:           <label>Extra Discount (Ôé╣)</label>
                                                ^
646:           <input
647:             type="number"
10:30:51 AM [vite-plugin-svelte] src/routes/staff/bookings/[id]/+page.svelte:656:5 A form label must be associated with a control
https://svelte.dev/e/a11y_label_has_associated_control
654: 
655:         <div class="fin-item">
656:           <label>Extra Charges (Ôé╣)</label>
                                               ^
657:           <input
658:             type="number"
10:30:52 AM [vite-plugin-svelte] src/routes/staff/bookings/[id]/+page.svelte:840:5 Buttons and links should either contain text or have an `aria-label`, `aria-labelledby` 
or `title` attribute
https://svelte.dev/e/a11y_consider_explicit_label
838:         <!-- Top bar -->
839:         <div class="qr-fs-topbar">
840:           <button class="qr-fs-back" onclick={() => (showQrModal = false)}>
                        ^
841:             <svg
842:               width="24"
10:30:52 AM [vite-plugin-svelte] src/routes/staff/bookings/[id]/+page.svelte:1016:5 Visible, non-interactive elements with a click event must be accompanied by a keyboard 
event handler. Consider whether an interactive element such as `<button type="button">` or `<a>` might be more appropriate
https://svelte.dev/e/a11y_click_events_have_key_events
1014:         <!-- EDIT MODAL (slide-up) -->
1015:         {#if showEditModal}
1016:           <div class="em-overlay" onclick={() => (showEditModal = false)}>
                      ^
1017:             <div class="em-sheet" onclick={(e) => e.stopPropagation()}>
1018:               <div class="em-handle"></div>
10:30:52 AM [vite-plugin-svelte] src/routes/staff/bookings/[id]/+page.svelte:1016:5 `<div>` with a click handler must have an ARIA role
https://svelte.dev/e/a11y_no_static_element_interactions
1014:         <!-- EDIT MODAL (slide-up) -->
1015:         {#if showEditModal}
1016:           <div class="em-overlay" onclick={() => (showEditModal = false)}>
                      ^
1017:             <div class="em-sheet" onclick={(e) => e.stopPropagation()}>
1018:               <div class="em-handle"></div>
10:30:52 AM [vite-plugin-svelte] src/routes/staff/bookings/[id]/+page.svelte:1017:6 Visible, non-interactive elements with a click event must be accompanied by a keyboard 
event handler. Consider whether an interactive element such as `<button type="button">` or `<a>` might be more appropriate
https://svelte.dev/e/a11y_click_events_have_key_events
1015:         {#if showEditModal}
1016:           <div class="em-overlay" onclick={() => (showEditModal = false)}>
1017:             <div class="em-sheet" onclick={(e) => e.stopPropagation()}>
                        ^
1018:               <div class="em-handle"></div>
1019:               <div class="em-header">
10:30:52 AM [vite-plugin-svelte] src/routes/staff/bookings/[id]/+page.svelte:1017:6 `<div>` with a click handler must have an ARIA role
https://svelte.dev/e/a11y_no_static_element_interactions
1015:         {#if showEditModal}
1016:           <div class="em-overlay" onclick={() => (showEditModal = false)}>
1017:             <div class="em-sheet" onclick={(e) => e.stopPropagation()}>
                        ^
1018:               <div class="em-handle"></div>
1019:               <div class="em-header">
10:30:52 AM [vite-plugin-svelte] src/routes/staff/bookings/[id]/+page.svelte:1134:3 Buttons and links should either contain text or have an `aria-label`, 
`aria-labelledby` or `title` attribute
https://svelte.dev/e/a11y_consider_explicit_label
1132:     <!-- Top bar -->
1133:     <div class="pay-fs-topbar">
1134:       <button class="pay-fs-close" onclick={() => (showPayModal = false)}>
                     ^
1135:         <svg
1136:           width="24"
10:30:52 AM [vite-plugin-svelte] src/routes/staff/bookings/[id]/+page.svelte:1601:1 Unused CSS selector ".readonly-mode .financials .s-input"
https://svelte.dev/e/css_unused_selector
1599:   }
1600: 
1601:   .readonly-mode .financials .s-input {
                                           ^
1602:     background: transparent !important;
1603:     border-color: transparent !important;
10:30:52 AM [vite-plugin-svelte] src/routes/staff/bookings/[id]/+page.svelte:1913:1 Unused CSS selector ".qr-fs-original-amount"
https://svelte.dev/e/css_unused_selector
1911:   }
1912: 
1913:   .qr-fs-original-amount {
                              ^
1914:     font-size: 1.1rem;
1915:     color: var(--s-text-tertiary, #9ca3af);
10:30:53 AM [vite-plugin-svelte] src/routes/staff/complete-profile/+page.svelte:232:6 A form label must be associated with a control
https://svelte.dev/e/a11y_label_has_associated_control
230:           <!-- Gender Selection -->
231:           <div class="gender-section">
232:             <label class="section-label">I identify as</label>
                                                                   ^
233:             <div class="gender-grid">
234:               {#each genderOptions as option}
10:30:54 AM [vite-plugin-svelte] src/routes/staff/notifications/+page.svelte:549:1 Unused CSS selector ".notification-meta"
https://svelte.dev/e/css_unused_selector
547:   }
548: 
549:   .notification-meta {
                         ^
550:     display: flex;
551:     align-items: center;
10:30:54 AM [vite-plugin-svelte] src/routes/staff/profile/+page.svelte:388:3 Visible, non-interactive elements with a click event must be accompanied by a keyboard event 
handler. Consider whether an interactive element such as `<button type="button">` or `<a>` might be more appropriate
https://svelte.dev/e/a11y_click_events_have_key_events
386:   {#if showDeniedModal}
387:     <div class="modal-backdrop" onclick={() => (showDeniedModal = false)} role="button" tabindex="0" onkeydown={(e) => e.key === 'Enter' && (showDeniedModal = 
false)}>
388:       <div class="modal-content s-card" onclick={(e) => e.stopPropagation()} role="dialog" tabindex="-1" aria-modal="true">
                 ^
389:         <div class="modal-header">
390:           <h3>Notifications Blocked</h3>
10:30:54 AM [vite-plugin-svelte] src/routes/staff/profile/+page.svelte:414:3 Visible, non-interactive elements with a click event must be accompanied by a keyboard event 
handler. Consider whether an interactive element such as `<button type="button">` or `<a>` might be more appropriate
https://svelte.dev/e/a11y_click_events_have_key_events
412:   {#if showSoundSelector}
413:     <div class="modal-backdrop" onclick={() => showSoundSelector = false} role="button" tabindex="0" onkeydown={(e) => e.key === 'Enter' && (showSoundSelector = 
false)}>
414:       <div class="modal-content s-card sound-modal" onclick={(e) => e.stopPropagation()} role="dialog" tabindex="-1" aria-modal="true">
                 ^
415:         <div class="modal-header">
416:           <h3>Choose Notification Sound</h3>
10:30:54 AM [vite-plugin-svelte] src/routes/staff/profile/+page.svelte:701:1 Unused CSS selector ".si-icon-success"
https://svelte.dev/e/css_unused_selector
699:   }
700: 
701:   .si-icon-success {
                       ^
702:     color: var(--s-success);
703:     font-weight: bold;
10:30:55 AM [vite-plugin-svelte] src/routes/staff/schedule/+page.svelte:300:3 Buttons and links should either contain text or have an `aria-label`, `aria-labelledby` or 
`title` attribute
https://svelte.dev/e/a11y_consider_explicit_label
298: 
299:     <div class="date-nav">
300:       <button class="nav-arrow" onclick={() => changeDate(-1)}>
                    ^
301:         <svg
302:           width="20"
10:30:55 AM [vite-plugin-svelte] src/routes/staff/schedule/+page.svelte:311:3 Visible, non-interactive elements with a click event must be accompanied by a keyboard event 
handler. Consider whether an interactive element such as `<button type="button">` or `<a>` might be more appropriate
https://svelte.dev/e/a11y_click_events_have_key_events
309:         >
310:       </button>
311:       <div class="date-display" onclick={setToday}>
                 ^
312:         {#if viewMode === 'day'}
313:           <span class="date-main">
10:30:55 AM [vite-plugin-svelte] src/routes/staff/schedule/+page.svelte:311:3 `<div>` with a click handler must have an ARIA role
https://svelte.dev/e/a11y_no_static_element_interactions
309:         >
310:       </button>
311:       <div class="date-display" onclick={setToday}>
                 ^
312:         {#if viewMode === 'day'}
313:           <span class="date-main">
10:30:55 AM [vite-plugin-svelte] src/routes/staff/schedule/+page.svelte:336:3 Buttons and links should either contain text or have an `aria-label`, `aria-labelledby` or 
`title` attribute
https://svelte.dev/e/a11y_consider_explicit_label
334:         {/if}
335:       </div>
336:       <button class="nav-arrow" onclick={() => changeDate(1)}>
                    ^
337:         <svg
338:           width="20"
10:30:55 AM [vite-plugin-svelte] src/routes/you/addresses/+page.svelte:248:3 Visible, non-interactive elements with a click event must be accompanied by a keyboard event 
handler. Consider whether an interactive element such as `<button type="button">` or `<a>` might be more appropriate
https://svelte.dev/e/a11y_click_events_have_key_events
246:       onkeydown={(e) => e.key === 'Escape' && (showAddModal = false)}
247:     >
248:       <div class="modal-content" transition:fly={{ y: 50, duration: 300 }} onclick={(e) => e.stopPropagation()}>
                 ^
249:         <div class="modal-header">
250:           <h2>{isEditing ? 'Edit Address' : 'New Address'}</h2>
10:30:55 AM [vite-plugin-svelte] src/routes/you/addresses/+page.svelte:248:3 `<div>` with a click handler must have an ARIA role
https://svelte.dev/e/a11y_no_static_element_interactions
246:       onkeydown={(e) => e.key === 'Escape' && (showAddModal = false)}
247:     >
248:       <div class="modal-content" transition:fly={{ y: 50, duration: 300 }} onclick={(e) => e.stopPropagation()}>
                 ^
249:         <div class="modal-header">
250:           <h2>{isEditing ? 'Edit Address' : 'New Address'}</h2>
10:30:56 AM [vite-plugin-svelte] src/routes/you/personal-details/+page.svelte:437:1 Unused CSS selector ".label-icon"
https://svelte.dev/e/css_unused_selector
435:   }
436: 
437:   .label-icon {
                  ^
438:     color: var(--color-accent-gold);
439:     opacity: 0.8;
10:30:56 AM [vite-plugin-svelte] src/routes/you/personal-details/+page.svelte:465:1 Unused CSS selector ".helper-text"
https://svelte.dev/e/css_unused_selector
463:   }
464: 
465:   .helper-text {
                   ^
466:     font-size: 0.75rem;
467:     color: var(--color-text-muted);
10:30:57 AM [vite-plugin-svelte] src/lib/components/layout/MobileSimulator.svelte:14:5 `scrollContainer` is updated, but is not declared with `$state(...)`. Changing its 
value will not correctly trigger updates
https://svelte.dev/e/non_reactive_update
12:   let isFullscreen = $state(false);
13:   let isHeightTooSmall = $state(false);
14:   let scrollContainer: HTMLDivElement;
                                         ^
15:   let activeScrollElement: HTMLElement | null = null;
16:   let startY = 0;
10:30:57 AM [vite-plugin-svelte] src/lib/components/layout/MobileSimulator.svelte:494:1 Unused CSS selector ".warning-content"
https://svelte.dev/e/css_unused_selector
492:   }
493: 
494:   .warning-content {
                       ^
495:     text-align: center;
496:     color: rgba(255, 255, 255, 0.8);
10:30:57 AM [vite-plugin-svelte] src/lib/components/layout/MobileSimulator.svelte:500:1 Unused CSS selector ".warning-content svg"
https://svelte.dev/e/css_unused_selector
498:   }
499: 
500:   .warning-content svg {
                           ^
501:     color: #d4af37;
502:     margin-bottom: 20px;
10:30:57 AM [vite-plugin-svelte] src/lib/components/layout/MobileSimulator.svelte:505:1 Unused CSS selector ".warning-content h2"
https://svelte.dev/e/css_unused_selector
503:   }
504: 
505:   .warning-content h2 {
                          ^
506:     font-size: 1.5rem;
507:     margin-bottom: 12px;
10:30:57 AM [vite-plugin-svelte] src/lib/components/layout/MobileSimulator.svelte:511:1 Unused CSS selector ".warning-content p"
https://svelte.dev/e/css_unused_selector
509:   }
510: 
511:   .warning-content p {
                         ^
512:     font-size: 1rem;
513:     color: rgba(255, 255, 255, 0.6);
10:30:58 AM [vite-plugin-svelte] src/lib/components/home/TransformationGallery.svelte:187:3 `<div>` with a mousedown, touchstart, mousemove, touchmove, mouseup, touchend 
or mouseleave handler must have an ARIA role
https://svelte.dev/e/a11y_no_static_element_interactions
185:   <div class="carousel-wrapper">
186:     <div class="carousel-card">
187:       <div
                ^
188:         class="comparison-slider"
189:         bind:this={container}
10:30:58 AM [vite-plugin-svelte] src/lib/components/home/TransformationGallery.svelte:238:4 Buttons and links should either contain text or have an `aria-label`, 
`aria-labelledby` or `title` attribute
https://svelte.dev/e/a11y_consider_explicit_label
236:     <div class="dots">
237:       {#each filteredItems as _, i}
238:         <button class="dot" class:active={i === currentIndex} on:click={() => (currentIndex = i)}
                       ^
239:         ></button>
240:       {/each}
10:30:59 AM [vite-plugin-svelte] src/lib/components/BookingSuccess.svelte:560:1 Unused CSS selector ".booking-id-tag"
https://svelte.dev/e/css_unused_selector
558:     font-weight: 700;
559:   }
560:   .booking-id-tag {
                      ^
561:     font-family: 'Geist Mono', monospace;
562:     font-size: 0.8rem;
10:31:00 AM [vite-plugin-svelte] src/lib/components/staff/BookingModal.svelte:503:1 Visible, non-interactive elements with a click event must be accompanied by a keyboard 
event handler. Consider whether an interactive element such as `<button type="button">` or `<a>` might be more appropriate
https://svelte.dev/e/a11y_click_events_have_key_events
501: 
502: {#if isOpen}
503:   <div class="modal-backdrop" onclick={() => (isOpen = false)}>
             ^
504:     <div class="modal-content" onclick={(e) => e.stopPropagation()}>
505:       <!-- HEADER -->
10:31:00 AM [vite-plugin-svelte] src/lib/components/staff/BookingModal.svelte:503:1 `<div>` with a click handler must have an ARIA role
https://svelte.dev/e/a11y_no_static_element_interactions
501: 
502: {#if isOpen}
503:   <div class="modal-backdrop" onclick={() => (isOpen = false)}>
             ^
504:     <div class="modal-content" onclick={(e) => e.stopPropagation()}>
505:       <!-- HEADER -->
10:31:00 AM [vite-plugin-svelte] src/lib/components/staff/BookingModal.svelte:504:2 Visible, non-interactive elements with a click event must be accompanied by a keyboard 
event handler. Consider whether an interactive element such as `<button type="button">` or `<a>` might be more appropriate
https://svelte.dev/e/a11y_click_events_have_key_events
502: {#if isOpen}
503:   <div class="modal-backdrop" onclick={() => (isOpen = false)}>
504:     <div class="modal-content" onclick={(e) => e.stopPropagation()}>
               ^
505:       <!-- HEADER -->
506:       <div class="modal-header">
10:31:00 AM [vite-plugin-svelte] src/lib/components/staff/BookingModal.svelte:504:2 `<div>` with a click handler must have an ARIA role
https://svelte.dev/e/a11y_no_static_element_interactions
502: {#if isOpen}
503:   <div class="modal-backdrop" onclick={() => (isOpen = false)}>
504:     <div class="modal-content" onclick={(e) => e.stopPropagation()}>
               ^
505:       <!-- HEADER -->
506:       <div class="modal-header">
10:31:00 AM [vite-plugin-svelte] src/lib/components/staff/BookingModal.svelte:707:10 Non-interactive element `<li>` should not be assigned mouse or keyboard event 
listeners
https://svelte.dev/e/a11y_no_noninteractive_element_interactions
705:                 <ul class="autocomplete-dropdown">
706:                   {#each userSearchResults as user}
707:                     <li class="autocomplete-item" onmousedown={() => selectUser(user)}>
                              ^
708:                       <div class="ac-avatar">{user.name?.[0] || user.displayName?.[0] || 'U'}</div>
709:                       <div class="ac-info">
10:31:00 AM [vite-plugin-svelte] src/lib/components/staff/BookingModal.svelte:741:10 Non-interactive element `<li>` should not be assigned mouse or keyboard event 
listeners
https://svelte.dev/e/a11y_no_noninteractive_element_interactions
739:                 <ul class="autocomplete-dropdown">
740:                   {#each userNameSearchResults as user}
741:                     <li class="autocomplete-item" onmousedown={() => selectUser(user)}>
                              ^
742:                       <div class="ac-avatar">{user.name?.[0] || user.displayName?.[0] || 'U'}</div>
743:                       <div class="ac-info">
10:31:00 AM [vite-plugin-svelte] src/lib/components/staff/BookingModal.svelte:989:3 Visible, non-interactive elements with a click event must be accompanied by a keyboard 
event handler. Consider whether an interactive element such as `<button type="button">` or `<a>` might be more appropriate
https://svelte.dev/e/a11y_click_events_have_key_events
987:     {#if isCatalogOpen}
988:       <!-- FULL SCREEN CATALOG MODAL -->
989:       <div class="catalog-fullscreen-overlay" onclick={(e) => e.stopPropagation()}>
                 ^
990:         <div class="catalog-fs-header">
991:           <div class="catalog-fs-title">
10:31:00 AM [vite-plugin-svelte] src/lib/components/staff/BookingModal.svelte:989:3 `<div>` with a click handler must have an ARIA role
https://svelte.dev/e/a11y_no_static_element_interactions
987:     {#if isCatalogOpen}
988:       <!-- FULL SCREEN CATALOG MODAL -->
989:       <div class="catalog-fullscreen-overlay" onclick={(e) => e.stopPropagation()}>
                 ^
990:         <div class="catalog-fs-header">
991:           <div class="catalog-fs-title">
10:31:00 AM [vite-plugin-svelte] src/lib/components/staff/BookingModal.svelte:1620:1 Unused CSS selector "select"
https://svelte.dev/e/css_unused_selector
1618: 
1619:   input,
1620:   select,
              ^
1621:   textarea {
1622:     width: 100%;
10:31:00 AM [vite-plugin-svelte] src/lib/components/staff/BookingModal.svelte:1636:1 Unused CSS selector "select:focus"
https://svelte.dev/e/css_unused_selector
1634: 
1635:   input:focus,
1636:   select:focus,
                    ^
1637:   textarea:focus {
1638:     outline: none;
10:31:00 AM [vite-plugin-svelte] src/lib/components/staff/BookingModal.svelte:1924:1 Unused CSS selector ".custom-dropdown-container.active .dropdown-trigger"
https://svelte.dev/e/css_unused_selector
1922:   }
1923:   .dropdown-trigger:focus,
1924:   .custom-dropdown-container.active .dropdown-trigger {
                                                           ^
1925:     border-color: var(--s-accent, #c9a24f);
1926:     box-shadow: 0 0 0 3px var(--s-accent-bg, rgba(201, 162, 79, 0.1));
10:31:01 AM [vite-plugin-svelte] src/lib/components/you/QuickActions.svelte:141:1 Unused CSS selector ".action-arrow"
https://svelte.dev/e/css_unused_selector
139:   }
140: 
141:   .action-arrow {
                    ^
142:     color: var(--color-text-secondary);
143:     opacity: 0.5;
[32mÔ£ô[39m 4315 modules transformed.
rendering chunks...
computing gzip size...
[2m.svelte-kit/output/client/[22m[32m_app/version.json                                                 [39m[1m[2m    0.03 kB[22m[1m[22m[2m Ôöé gzip:   0.05 kB[22m
[2m.svelte-kit/output/client/[22m[32mregisterSW.js                                                     [39m[1m[2m    0.14 kB[22m[1m[22m
[2m.svelte-kit/output/client/[22m[32m.vite/manifest.json                                               [39m[1m[2m   34.41 kB[22m[1m[22m[2m Ôöé gzip:   3.77 kB[22m
[2m.svelte-kit/output/client/[22m[32m_app/immutable/assets/gallery_facial.D5vcK1sE.webp                [39m[1m[2m   46.27 kB[22m[1m[22m
[2m.svelte-kit/output/client/[22m[32m_app/immutable/assets/gallery_makeup.BZXDe6UO.webp                [39m[1m[2m   48.98 kB[22m[1m[22m
[2m.svelte-kit/output/client/[22m[32m_app/immutable/assets/gallery_spa.CHdxMFP0.webp                   [39m[1m[2m   50.26 kB[22m[1m[22m
[2m.svelte-kit/output/client/[22m[32m_app/immutable/assets/gallery_hair.Ba0A8N6q.webp                  [39m[1m[2m   92.29 kB[22m[1m[22m
[2m.svelte-kit/output/client/[22m[32m_app/immutable/assets/professional_beauty__bd79d0cb.C0SDlV4q.jpg  [39m[1m[2m  149.56 kB[22m[1m[22m
[2m.svelte-kit/output/client/[22m[32m_app/immutable/assets/professional_beauty__4b0e7940.DK8gXfNj.jpg  [39m[1m[2m  160.99 kB[22m[1m[22m
[2m.svelte-kit/output/client/[22m[32m_app/immutable/assets/professional_beauty__59c2cb84.BDXSac9f.jpg  [39m[1m[2m  163.35 kB[22m[1m[22m
[2m.svelte-kit/output/client/[22m[32m_app/immutable/assets/professional_beauty__30f1cabb.CG1uROBy.jpg  [39m[1m[2m  166.18 kB[22m[1m[22m
[2m.svelte-kit/output/client/[22m[32m_app/immutable/assets/professional_salon_h_cb9f59f7.DyrU1Qad.jpg  [39m[1m[2m  278.26 kB[22m[1m[22m
[2m.svelte-kit/output/client/[22m[32m_app/immutable/assets/nails_art_before_v2.DsqW-l3i.png            [39m[1m[2m  681.29 kB[22m[1m[22m
[2m.svelte-kit/output/client/[22m[32m_app/immutable/assets/hair_color_before.twtqiah7.png              [39m[1m[2m  721.44 kB[22m[1m[22m
[2m.svelte-kit/output/client/[22m[32m_app/immutable/assets/makeup_zenz_before.DwSJUMLi.png             [39m[1m[2m  750.31 kB[22m[1m[22m
[2m.svelte-kit/output/client/[22m[32m_app/immutable/assets/keratin_after.we476U1B.png                  [39m[1m[2m  756.31 kB[22m[1m[22m
[2m.svelte-kit/output/client/[22m[32m_app/immutable/assets/makeup_zenz_after.Bv3F_eIn.png              [39m[1m[2m  766.10 kB[22m[1m[22m
[2m.svelte-kit/output/client/[22m[32m_app/immutable/assets/nails_art_before.DP1CWG1u.png               [39m[1m[2m  789.45 kB[22m[1m[22m
[2m.svelte-kit/output/client/[22m[32m_app/immutable/assets/2.Cx1Orgwt.webp                             [39m[1m[2m  790.88 kB[22m[1m[22m
[2m.svelte-kit/output/client/[22m[32m_app/immutable/assets/hair_color_after.BzsNduJ8.png               [39m[1m[2m  791.40 kB[22m[1m[22m
[2m.svelte-kit/output/client/[22m[32m_app/immutable/assets/keratin_before.Cq2doVAR.png                 [39m[1m[2m  810.23 kB[22m[1m[22m
[2m.svelte-kit/output/client/[22m[32m_app/immutable/assets/nails_art_after.DFpSmhwx.png                [39m[1m[2m  831.95 kB[22m[1m[22m
[2m.svelte-kit/output/client/[22m[32m_app/immutable/assets/4.mdvsHJxX.webp                             [39m[1m[2m1,179.82 kB[22m[1m[22m
[2m.svelte-kit/output/client/[22m[32m_app/immutable/assets/1.DjXBODPd.webp                             [39m[1m[2m1,307.68 kB[22m[1m[22m
[2m.svelte-kit/output/client/[22m[35m_app/immutable/assets/26.JqpHtbqN.css                             [39m[1m[2m    0.11 kB[22m[1m[22m[2m Ôöé gzip:   0.12 kB[22m
[2m.svelte-kit/output/client/[22m[35m_app/immutable/assets/CircularProgress.BqM5jAnk.css               [39m[1m[2m    0.41 kB[22m[1m[22m[2m Ôöé gzip:   0.22 kB[22m
[2m.svelte-kit/output/client/[22m[35m_app/immutable/assets/LazyImage.Cg_VntjY.css                      [39m[1m[2m    0.59 kB[22m[1m[22m[2m Ôöé gzip:   0.31 kB[22m
[2m.svelte-kit/output/client/[22m[35m_app/immutable/assets/22.DuHnGUXt.css                             [39m[1m[2m    0.66 kB[22m[1m[22m[2m Ôöé gzip:   0.34 kB[22m
[2m.svelte-kit/output/client/[22m[35m_app/immutable/assets/10.DArc0ymM.css                             [39m[1m[2m    0.68 kB[22m[1m[22m[2m Ôöé gzip:   0.32 kB[22m
[2m.svelte-kit/output/client/[22m[35m_app/immutable/assets/5.CyYLkHzx.css                              [39m[1m[2m    1.25 kB[22m[1m[22m[2m Ôöé gzip:   0.52 kB[22m
[2m.svelte-kit/output/client/[22m[35m_app/immutable/assets/13.dEtfclbF.css                             [39m[1m[2m    1.58 kB[22m[1m[22m[2m Ôöé gzip:   0.57 kB[22m
[2m.svelte-kit/output/client/[22m[35m_app/immutable/assets/ServiceHighlight.COPv4nuM.css               [39m[1m[2m    1.67 kB[22m[1m[22m[2m Ôöé gzip:   0.67 kB[22m
[2m.svelte-kit/output/client/[22m[35m_app/immutable/assets/Toast.BZdOwJc2.css                          [39m[1m[2m    1.91 kB[22m[1m[22m[2m Ôöé gzip:   0.76 kB[22m
[2m.svelte-kit/output/client/[22m[35m_app/immutable/assets/17.BwXDxLGF.css                             [39m[1m[2m    1.92 kB[22m[1m[22m[2m Ôöé gzip:   0.65 kB[22m
[2m.svelte-kit/output/client/[22m[35m_app/immutable/assets/16.B3YAXSeN.css                             [39m[1m[2m    1.97 kB[22m[1m[22m[2m Ôöé gzip:   0.65 kB[22m
[2m.svelte-kit/output/client/[22m[35m_app/immutable/assets/MobileSimulator.DEizxRHi.css                [39m[1m[2m    2.59 kB[22m[1m[22m[2m Ôöé gzip:   0.93 kB[22m
[2m.svelte-kit/output/client/[22m[35m_app/immutable/assets/14.wIMp6tlU.css                             [39m[1m[2m    2.65 kB[22m[1m[22m[2m Ôöé gzip:   0.75 kB[22m
[2m.svelte-kit/output/client/[22m[35m_app/immutable/assets/23.B-jpxpZF.css                             [39m[1m[2m    2.67 kB[22m[1m[22m[2m Ôöé gzip:   0.99 kB[22m
[2m.svelte-kit/output/client/[22m[35m_app/immutable/assets/29.BciPynTU.css                             [39m[1m[2m    3.25 kB[22m[1m[22m[2m Ôöé gzip:   0.99 kB[22m
[2m.svelte-kit/output/client/[22m[35m_app/immutable/assets/25.BEMhfm5N.css                             [39m[1m[2m    3.34 kB[22m[1m[22m[2m Ôöé gzip:   0.99 kB[22m
[2m.svelte-kit/output/client/[22m[35m_app/immutable/assets/15.CB6WnBO-.css                             [39m[1m[2m    3.40 kB[22m[1m[22m[2m Ôöé gzip:   0.97 kB[22m
[2m.svelte-kit/output/client/[22m[35m_app/immutable/assets/38.gB4aTLQH.css                             [39m[1m[2m    4.23 kB[22m[1m[22m[2m Ôöé gzip:   1.19 kB[22m
[2m.svelte-kit/output/client/[22m[35m_app/immutable/assets/7.-edew2UY.css                              [39m[1m[2m    4.60 kB[22m[1m[22m[2m Ôöé gzip:   1.20 kB[22m
[2m.svelte-kit/output/client/[22m[35m_app/immutable/assets/31.BFawjw2u.css                             [39m[1m[2m    4.93 kB[22m[1m[22m[2m Ôöé gzip:   1.52 kB[22m
[2m.svelte-kit/output/client/[22m[35m_app/immutable/assets/36.Igv9KrB2.css                             [39m[1m[2m    5.05 kB[22m[1m[22m[2m Ôöé gzip:   1.24 kB[22m
[2m.svelte-kit/output/client/[22m[35m_app/immutable/assets/11.DKKpAk8a.css                             [39m[1m[2m    5.14 kB[22m[1m[22m[2m Ôöé gzip:   1.20 kB[22m
[2m.svelte-kit/output/client/[22m[35m_app/immutable/assets/InstallPrompt.FzbfWs9H.css                  [39m[1m[2m    5.15 kB[22m[1m[22m[2m Ôöé gzip:   1.57 kB[22m
[2m.svelte-kit/output/client/[22m[35m_app/immutable/assets/21.Q6G9l7Xo.css                             [39m[1m[2m    6.18 kB[22m[1m[22m[2m Ôöé gzip:   1.64 kB[22m
[2m.svelte-kit/output/client/[22m[35m_app/immutable/assets/32.CR6cQsfy.css                             [39m[1m[2m    6.64 kB[22m[1m[22m[2m Ôöé gzip:   1.51 kB[22m
[2m.svelte-kit/output/client/[22m[35m_app/immutable/assets/24.BtXPRFEk.css                             [39m[1m[2m    7.12 kB[22m[1m[22m[2m Ôöé gzip:   1.74 kB[22m
[2m.svelte-kit/output/client/[22m[35m_app/immutable/assets/33.BDcsygvX.css                             [39m[1m[2m    7.35 kB[22m[1m[22m[2m Ôöé gzip:   1.56 kB[22m
[2m.svelte-kit/output/client/[22m[35m_app/immutable/assets/9.lkWywLVm.css                              [39m[1m[2m    8.66 kB[22m[1m[22m[2m Ôöé gzip:   1.96 kB[22m
[2m.svelte-kit/output/client/[22m[35m_app/immutable/assets/34.B-P_Zgbz.css                             [39m[1m[2m    9.03 kB[22m[1m[22m[2m Ôöé gzip:   1.75 kB[22m
[2m.svelte-kit/output/client/[22m[35m_app/immutable/assets/18.AYYau98C.css                             [39m[1m[2m    9.10 kB[22m[1m[22m[2m Ôöé gzip:   1.71 kB[22m
[2m.svelte-kit/output/client/[22m[35m_app/immutable/assets/37.BiHdPf9t.css                             [39m[1m[2m   10.61 kB[22m[1m[22m[2m Ôöé gzip:   2.32 kB[22m
[2m.svelte-kit/output/client/[22m[35m_app/immutable/assets/35.BrickwKr.css                             [39m[1m[2m   10.68 kB[22m[1m[22m[2m Ôöé gzip:   2.35 kB[22m
[2m.svelte-kit/output/client/[22m[35m_app/immutable/assets/0.BAovXClE.css                              [39m[1m[2m   16.15 kB[22m[1m[22m[2m Ôöé gzip:   3.85 kB[22m
[2m.svelte-kit/output/client/[22m[35m_app/immutable/assets/27.DVJSj4OA.css                             [39m[1m[2m   17.17 kB[22m[1m[22m[2m Ôöé gzip:   3.33 kB[22m
[2m.svelte-kit/output/client/[22m[35m_app/immutable/assets/30.BVmNce6r.css                             [39m[1m[2m   18.07 kB[22m[1m[22m[2m Ôöé gzip:   3.57 kB[22m
[2m.svelte-kit/output/client/[22m[35m_app/immutable/assets/28.Dr-m19oc.css                             [39m[1m[2m   22.73 kB[22m[1m[22m[2m Ôöé gzip:   4.48 kB[22m
[2m.svelte-kit/output/client/[22m[35m_app/immutable/assets/12.BufnKXtJ.css                             [39m[1m[2m   26.26 kB[22m[1m[22m[2m Ôöé gzip:   3.98 kB[22m
[2m.svelte-kit/output/client/[22m[35m_app/immutable/assets/4.CQf3CwhB.css                              [39m[1m[2m   28.96 kB[22m[1m[22m[2m Ôöé gzip:   5.21 kB[22m
[2m.svelte-kit/output/client/[22m[35m_app/immutable/assets/EmptyState.CmNDli0G.css                     [39m[1m[2m   29.72 kB[22m[1m[22m[2m Ôöé gzip:   5.13 kB[22m
[2m.svelte-kit/output/client/[22m[35m_app/immutable/assets/3.CbwKf0QA.css                              [39m[1m[2m   29.79 kB[22m[1m[22m[2m Ôöé gzip:   6.58 kB[22m
[2m.svelte-kit/output/client/[22m[35m_app/immutable/assets/2.mZ6bEA6C.css                              [39m[1m[2m   33.39 kB[22m[1m[22m[2m Ôöé gzip:   6.62 kB[22m
[2m.svelte-kit/output/client/[22m[35m_app/immutable/assets/20.DsXjRHxL.css                             [39m[1m[2m   46.70 kB[22m[1m[22m[2m Ôöé gzip:   8.39 kB[22m
[2m.svelte-kit/output/client/[22m[36m_app/immutable/nodes/1.C4JzJUdJ.js                                [39m[1m[2m    0.07 kB[22m[1m[22m[2m Ôöé gzip:   0.08 kB[22m
[2m.svelte-kit/output/client/[22m[36m_app/immutable/entry/start.CQgUUJkr.js                            [39m[1m[2m    0.09 kB[22m[1m[22m[2m Ôöé gzip:   0.09 kB[22m
[2m.svelte-kit/output/client/[22m[36m_app/immutable/chunks/CSIB4Eyc.js                                 [39m[1m[2m    0.23 kB[22m[1m[22m[2m Ôöé gzip:   0.20 kB[22m
[2m.svelte-kit/output/client/[22m[36m_app/immutable/nodes/26.DOcAeqz9.js                               [39m[1m[2m    0.44 kB[22m[1m[22m[2m Ôöé gzip:   0.33 kB[22m
[2m.svelte-kit/output/client/[22m[36m_app/immutable/chunks/CAeGzBS2.js                                 [39m[1m[2m    0.48 kB[22m[1m[22m[2m Ôöé gzip:   0.33 kB[22m
[2m.svelte-kit/output/client/[22m[36m_app/immutable/chunks/CFnXVBkg.js                                 [39m[1m[2m    0.52 kB[22m[1m[22m[2m Ôöé gzip:   0.31 kB[22m
[2m.svelte-kit/output/client/[22m[36m_app/immutable/chunks/DTAHy6ia.js                                 [39m[1m[2m    0.58 kB[22m[1m[22m[2m Ôöé gzip:   0.41 kB[22m
[2m.svelte-kit/output/client/[22m[36m_app/immutable/chunks/Dcg3xO1h.js                                 [39m[1m[2m    0.71 kB[22m[1m[22m[2m Ôöé gzip:   0.42 kB[22m
[2m.svelte-kit/output/client/[22m[36m_app/immutable/chunks/Dzq-vW85.js                                 [39m[1m[2m    0.74 kB[22m[1m[22m[2m Ôöé gzip:   0.47 kB[22m
[2m.svelte-kit/output/client/[22m[36m_app/immutable/chunks/BBI3rMLr.js                                 [39m[1m[2m    0.79 kB[22m[1m[22m[2m Ôöé gzip:   0.43 kB[22m
[2m.svelte-kit/output/client/[22m[36m_app/immutable/chunks/CLLV6nxu.js                                 [39m[1m[2m    1.13 kB[22m[1m[22m[2m Ôöé gzip:   0.56 kB[22m
[2m.svelte-kit/output/client/[22m[36m_app/immutable/chunks/Dh0bcR6I.js                                 [39m[1m[2m    1.26 kB[22m[1m[22m[2m Ôöé gzip:   0.65 kB[22m
[2m.svelte-kit/output/client/[22m[36m_app/immutable/chunks/Byq4dLWY.js                                 [39m[1m[2m    1.64 kB[22m[1m[22m[2m Ôöé gzip:   0.72 kB[22m
[2m.svelte-kit/output/client/[22m[36m_app/immutable/chunks/BBHAPQHf.js                                 [39m[1m[2m    1.74 kB[22m[1m[22m[2m Ôöé gzip:   0.79 kB[22m
[2m.svelte-kit/output/client/[22m[36m_app/immutable/chunks/VLtiDqAs.js                                 [39m[1m[2m    1.91 kB[22m[1m[22m[2m Ôöé gzip:   0.90 kB[22m
[2m.svelte-kit/output/client/[22m[36m_app/immutable/chunks/B07tmF9A.js                                 [39m[1m[2m    1.99 kB[22m[1m[22m[2m Ôöé gzip:   0.98 kB[22m
[2m.svelte-kit/output/client/[22m[36m_app/immutable/chunks/BvXq5Bi9.js                                 [39m[1m[2m    2.27 kB[22m[1m[22m[2m Ôöé gzip:   0.92 kB[22m
[2m.svelte-kit/output/client/[22m[36m_app/immutable/chunks/UuH0te5-.js                                 [39m[1m[2m    2.44 kB[22m[1m[22m[2m Ôöé gzip:   1.05 kB[22m
[2m.svelte-kit/output/client/[22m[36m_app/immutable/chunks/CPUcOoGC.js                                 [39m[1m[2m    2.59 kB[22m[1m[22m[2m Ôöé gzip:   1.06 kB[22m
[2m.svelte-kit/output/client/[22m[36m_app/immutable/nodes/31.CGBQHyUf.js                               [39m[1m[2m    2.89 kB[22m[1m[22m[2m Ôöé gzip:   1.46 kB[22m
[2m.svelte-kit/output/client/[22m[36m_app/immutable/nodes/23.BIwujOW5.js                               [39m[1m[2m    2.90 kB[22m[1m[22m[2m Ôöé gzip:   1.49 kB[22m
[2m.svelte-kit/output/client/[22m[36m_app/immutable/chunks/Z9SadUeU.js                                 [39m[1m[2m    2.96 kB[22m[1m[22m[2m Ôöé gzip:   1.27 kB[22m
[2m.svelte-kit/output/client/[22m[36m_app/immutable/chunks/BGaEUQ3N.js                                 [39m[1m[2m    3.03 kB[22m[1m[22m[2m Ôöé gzip:   1.28 kB[22m
[2m.svelte-kit/output/client/[22m[36m_app/immutable/chunks/DPVzuHog.js                                 [39m[1m[2m    3.09 kB[22m[1m[22m[2m Ôöé gzip:   1.19 kB[22m
[2m.svelte-kit/output/client/[22m[36m_app/immutable/nodes/10.ius8APZh.js                               [39m[1m[2m    3.36 kB[22m[1m[22m[2m Ôöé gzip:   1.78 kB[22m
[2m.svelte-kit/output/client/[22m[36m_app/immutable/nodes/25.DOVN8GiB.js                               [39m[1m[2m    3.43 kB[22m[1m[22m[2m Ôöé gzip:   1.63 kB[22m
[2m.svelte-kit/output/client/[22m[36m_app/immutable/chunks/Ulu-31tl.js                                 [39m[1m[2m    3.61 kB[22m[1m[22m[2m Ôöé gzip:   1.22 kB[22m
[2m.svelte-kit/output/client/[22m[36m_app/immutable/chunks/CASmhulh.js                                 [39m[1m[2m    4.73 kB[22m[1m[22m[2m Ôöé gzip:   2.10 kB[22m
[2m.svelte-kit/output/client/[22m[36m_app/immutable/nodes/16.Dqf6wkII.js                               [39m[1m[2m    4.78 kB[22m[1m[22m[2m Ôöé gzip:   2.06 kB[22m
[2m.svelte-kit/output/client/[22m[36m_app/immutable/chunks/C-oQBldL.js                                 [39m[1m[2m    5.44 kB[22m[1m[22m[2m Ôöé gzip:   2.20 kB[22m
[2m.svelte-kit/output/client/[22m[36m_app/immutable/nodes/38.DLtwFU2d.js                               [39m[1m[2m    5.45 kB[22m[1m[22m[2m Ôöé gzip:   2.23 kB[22m
[2m.svelte-kit/output/client/[22m[36m_app/immutable/chunks/B9-gosud.js                                 [39m[1m[2m    5.49 kB[22m[1m[22m[2m Ôöé gzip:   1.93 kB[22m
[2m.svelte-kit/output/client/[22m[36m_app/immutable/chunks/DXLCDlb5.js                                 [39m[1m[2m    5.52 kB[22m[1m[22m[2m Ôöé gzip:   2.26 kB[22m
[2m.svelte-kit/output/client/[22m[36m_app/immutable/nodes/22.smLzd2Nm.js                               [39m[1m[2m    5.66 kB[22m[1m[22m[2m Ôöé gzip:   1.38 kB[22m
[2m.svelte-kit/output/client/[22m[36m_app/immutable/nodes/5.BeMiIXni.js                                [39m[1m[2m    5.68 kB[22m[1m[22m[2m Ôöé gzip:   2.27 kB[22m
[2m.svelte-kit/output/client/[22m[36m_app/immutable/chunks/DBnfzNbA.js                                 [39m[1m[2m    5.97 kB[22m[1m[22m[2m Ôöé gzip:   2.28 kB[22m
[2m.svelte-kit/output/client/[22m[36m_app/immutable/chunks/BS9jHmck.js                                 [39m[1m[2m    6.17 kB[22m[1m[22m[2m Ôöé gzip:   2.58 kB[22m
[2m.svelte-kit/output/client/[22m[36m_app/immutable/nodes/7.DBdegL1G.js                                [39m[1m[2m    6.27 kB[22m[1m[22m[2m Ôöé gzip:   2.74 kB[22m
[2m.svelte-kit/output/client/[22m[36m_app/immutable/nodes/29.Dzd4C9iH.js                               [39m[1m[2m    6.35 kB[22m[1m[22m[2m Ôöé gzip:   2.76 kB[22m
[2m.svelte-kit/output/client/[22m[36m_app/immutable/nodes/14.92kmJ6Ix.js                               [39m[1m[2m    6.41 kB[22m[1m[22m[2m Ôöé gzip:   2.62 kB[22m
[2m.svelte-kit/output/client/[22m[36m_app/immutable/nodes/11.BdIHFXEF.js                               [39m[1m[2m    6.43 kB[22m[1m[22m[2m Ôöé gzip:   2.60 kB[22m
[2m.svelte-kit/output/client/[22m[36m_app/immutable/nodes/36.D8_FNitj.js                               [39m[1m[2m    7.08 kB[22m[1m[22m[2m Ôöé gzip:   2.81 kB[22m
[2m.svelte-kit/output/client/[22m[36m_app/immutable/nodes/19.D_bJGqfk.js                               [39m[1m[2m    7.25 kB[22m[1m[22m[2m Ôöé gzip:   3.11 kB[22m
[2m.svelte-kit/output/client/[22m[36m_app/immutable/nodes/2.9ygDjUTR.js                                [39m[1m[2m    7.50 kB[22m[1m[22m[2m Ôöé gzip:   3.40 kB[22m
[2m.svelte-kit/output/client/[22m[36m_app/immutable/nodes/32.CSpTPBpG.js                               [39m[1m[2m    7.51 kB[22m[1m[22m[2m Ôöé gzip:   2.86 kB[22m
[2m.svelte-kit/output/client/[22m[36m_app/immutable/nodes/13.CBE3Tylk.js                               [39m[1m[2m    7.57 kB[22m[1m[22m[2m Ôöé gzip:   3.15 kB[22m
[2m.svelte-kit/output/client/[22m[36m_app/immutable/nodes/21.Buyjeebq.js                               [39m[1m[2m    7.81 kB[22m[1m[22m[2m Ôöé gzip:   3.37 kB[22m
[2m.svelte-kit/output/client/[22m[36m_app/immutable/nodes/15.qvCq1NJM.js                               [39m[1m[2m    7.90 kB[22m[1m[22m[2m Ôöé gzip:   3.17 kB[22m
[2m.svelte-kit/output/client/[22m[36m_app/immutable/nodes/24.m3mR9ze9.js                               [39m[1m[2m    8.95 kB[22m[1m[22m[2m Ôöé gzip:   3.15 kB[22m
[2m.svelte-kit/output/client/[22m[36m_app/immutable/chunks/BktUAYR3.js                                 [39m[1m[2m   10.85 kB[22m[1m[22m[2m Ôöé gzip:   4.47 kB[22m
[2m.svelte-kit/output/client/[22m[36m_app/immutable/entry/app.cm0Hvxdf.js                              [39m[1m[2m   10.87 kB[22m[1m[22m[2m Ôöé gzip:   3.40 kB[22m
[2m.svelte-kit/output/client/[22m[36m_app/immutable/nodes/3.TnntrehE.js                                [39m[1m[2m   11.76 kB[22m[1m[22m[2m Ôöé gzip:   4.67 kB[22m
[2m.svelte-kit/output/client/[22m[36m_app/immutable/nodes/8.DwZXYghG.js                                [39m[1m[2m   12.12 kB[22m[1m[22m[2m Ôöé gzip:   4.54 kB[22m
[2m.svelte-kit/output/client/[22m[36m_app/immutable/nodes/35.3m5KREM7.js                               [39m[1m[2m   12.60 kB[22m[1m[22m[2m Ôöé gzip:   4.49 kB[22m
[2m.svelte-kit/output/client/[22m[36m_app/immutable/nodes/33.C1MOTOCe.js                               [39m[1m[2m   13.12 kB[22m[1m[22m[2m Ôöé gzip:   4.65 kB[22m
[2m.svelte-kit/output/client/[22m[36m_app/immutable/nodes/9.DEoiyhZt.js                                [39m[1m[2m   13.23 kB[22m[1m[22m[2m Ôöé gzip:   4.74 kB[22m
[2m.svelte-kit/output/client/[22m[36m_app/immutable/nodes/34.DnhTUC_w.js                               [39m[1m[2m   13.59 kB[22m[1m[22m[2m Ôöé gzip:   4.75 kB[22m
[2m.svelte-kit/output/client/[22m[36m_app/immutable/nodes/0.DtKnX-o0.js                                [39m[1m[2m   16.97 kB[22m[1m[22m[2m Ôöé gzip:   5.72 kB[22m
[2m.svelte-kit/output/client/[22m[36m_app/immutable/nodes/30._CaFTGJI.js                               [39m[1m[2m   17.05 kB[22m[1m[22m[2m Ôöé gzip:   5.79 kB[22m
[2m.svelte-kit/output/client/[22m[36m_app/immutable/nodes/37.DAZFI8jh.js                               [39m[1m[2m   17.74 kB[22m[1m[22m[2m Ôöé gzip:   5.21 kB[22m
[2m.svelte-kit/output/client/[22m[36m_app/immutable/nodes/6.BhENqYe8.js                                [39m[1m[2m   18.08 kB[22m[1m[22m[2m Ôöé gzip:   6.76 kB[22m
[2m.svelte-kit/output/client/[22m[36m_app/immutable/nodes/18.ChJ6P5wP.js                               [39m[1m[2m   22.45 kB[22m[1m[22m[2m Ôöé gzip:   7.21 kB[22m
[2m.svelte-kit/output/client/[22m[36m_app/immutable/nodes/17.DWgZ4NPx.js                               [39m[1m[2m   24.01 kB[22m[1m[22m[2m Ôöé gzip:   6.35 kB[22m
[2m.svelte-kit/output/client/[22m[36m_app/immutable/nodes/27.CxJXRu3j.js                               [39m[1m[2m   26.24 kB[22m[1m[22m[2m Ôöé gzip:   8.50 kB[22m
[33m
(!) Some chunks are larger than 500 kB after minification. Consider:
[2m.svelte-kit/output/client/[22m[36m_app/immutable/chunks/RrvvrEKi.js                                 [39m[1m[2m   28.92 kB[22m[1m[22m[2m Ôöé gzip:   9.89 kB[22m
[2m.svelte-kit/output/client/[22m[36m_app/immutable/nodes/4.CGrxGaEi.js                                [39m[1m[2m   30.51 kB[22m[1m[22m[2m Ôöé gzip:  10.82 kB[22m
[2m.svelte-kit/output/client/[22m[36m_app/immutable/nodes/28.Df0oJpUa.js                               [39m[1m[2m   37.09 kB[22m[1m[22m[2m Ôöé gzip:  10.10 kB[22m
[2m.svelte-kit/output/client/[22m[36m_app/immutable/nodes/20.CBLH6zVX.js                               [39m[1m[2m   37.22 kB[22m[1m[22m[2m Ôöé gzip:  12.03 kB[22m
[2m.svelte-kit/output/client/[22m[36m_app/immutable/nodes/12.sfpXRCuj.js                               [39m[1m[2m   41.64 kB[22m[1m[22m[2m Ôöé gzip:  13.18 kB[22m
[2m.svelte-kit/output/client/[22m[36m_app/immutable/chunks/BrxQmP6e.js                                 [39m[1m[2m  491.12 kB[22m[1m[22m[2m Ôöé gzip: 149.79 kB[22m
[2m.svelte-kit/output/client/[22m[36m_app/immutable/chunks/jz0cX0WQ.js                                 [39m[1m[33m  955.31 kB[39m[22m[2m Ôöé gzip: 295.67 kB[22m
[32mÔ£ô built in 2m 50s[39m
- Using dynamic import() to code-split the application
- Use build.rollupOptions.output.manualChunks to improve chunking: https://rollupjs.org/configuration-options/#output-manualchunks
- Adjust chunk size limit for this warning via build.chunkSizeWarningLimit.[39m

PWA v1.2.0
Building src/sw.ts service worker ("es" format)...
[36mvite v7.3.1 [32mbuilding client environment for production...[36m[39m
transforming...
[32mÔ£ô[39m 91 modules transformed.
rendering chunks...
computing gzip size...
[2m.svelte-kit/output/client/[22m[36msw.mjs  [39m[1m[2m68.90 kB[22m[1m[22m[2m Ôöé gzip: 21.37 kB[22m
[32mÔ£ô built in 7.94s[39m

PWA v1.2.0
mode      injectManifest
format:   es
precache  122 entries (3797.83 KiB)
files generated
  .svelte-kit/output/client/sw.js
[31mÔ£ù[39m Build failed in 6m 23s
[31merror during build:
[31m[vite-plugin-sveltekit-compile] ENOENT: no such file or directory, open 
'C:\Users\banar\CascadeProjects\blancbeu-sveltekit\.svelte-kit\output\server\manifest-full.js'[31m
    at Object.writeFileSync (node:fs:2391:20)
    at Object.handler (file:///C:/Users/banar/CascadeProjects/blancbeu-sveltekit/node_modules/@sveltejs/kit/src/exports/vite/index.js:1256:8)
    at async PluginDriver.hookParallel (file:///C:/Users/banar/CascadeProjects/blancbeu-sveltekit/node_modules/rollup/dist/es/shared/node-entry.js:22452:17)
    at async file:///C:/Users/banar/CascadeProjects/blancbeu-sveltekit/node_modules/rollup/dist/es/shared/node-entry.js:23542:13
    at async catchUnfinishedHookActions (file:///C:/Users/banar/CascadeProjects/blancbeu-sveltekit/node_modules/rollup/dist/es/shared/node-entry.js:22902:16)
    at async buildEnvironment (file:///C:/Users/banar/CascadeProjects/blancbeu-sveltekit/node_modules/vite/dist/node/chunks/config.js:33543:64)
    at async Object.build (file:///C:/Users/banar/CascadeProjects/blancbeu-sveltekit/node_modules/vite/dist/node/chunks/config.js:33900:19)
    at async Object.buildApp (file:///C:/Users/banar/CascadeProjects/blancbeu-sveltekit/node_modules/vite/dist/node/chunks/config.js:33897:153)
    at async CAC.<anonymous> (file:///C:/Users/banar/CascadeProjects/blancbeu-sveltekit/node_modules/vite/dist/node/cli.js:629:3)[39m
